Archive member included to satisfy reference by file (symbol)

C:/ST/STM32CubeIDE_1.19.0/STM32CubeIDE/plugins/com.st.stm32cube.ide.mcu.externaltools.gnu-tools-for-stm32.13.3.rel1.win32_1.0.0.202411081344/tools/bin/../lib/gcc/arm-none-eabi/13.3.1/../../../../arm-none-eabi/lib/thumb/v7e-m+fp/hard\libc_nano.a(libc_a-atoi.o)
                              ./Core/Src/sd_functions.o (atoi)
C:/ST/STM32CubeIDE_1.19.0/STM32CubeIDE/plugins/com.st.stm32cube.ide.mcu.externaltools.gnu-tools-for-stm32.13.3.rel1.win32_1.0.0.202411081344/tools/bin/../lib/gcc/arm-none-eabi/13.3.1/../../../../arm-none-eabi/lib/thumb/v7e-m+fp/hard\libc_nano.a(libc_a-exit.o)
                              C:/ST/STM32CubeIDE_1.19.0/STM32CubeIDE/plugins/com.st.stm32cube.ide.mcu.externaltools.gnu-tools-for-stm32.13.3.rel1.win32_1.0.0.202411081344/tools/bin/../lib/gcc/arm-none-eabi/13.3.1/../../../../arm-none-eabi/lib/thumb/v7e-m+fp/hard/crt0.o (exit)
C:/ST/STM32CubeIDE_1.19.0/STM32CubeIDE/plugins/com.st.stm32cube.ide.mcu.externaltools.gnu-tools-for-stm32.13.3.rel1.win32_1.0.0.202411081344/tools/bin/../lib/gcc/arm-none-eabi/13.3.1/../../../../arm-none-eabi/lib/thumb/v7e-m+fp/hard\libc_nano.a(libc_a-strtol.o)
                              C:/ST/STM32CubeIDE_1.19.0/STM32CubeIDE/plugins/com.st.stm32cube.ide.mcu.externaltools.gnu-tools-for-stm32.13.3.rel1.win32_1.0.0.202411081344/tools/bin/../lib/gcc/arm-none-eabi/13.3.1/../../../../arm-none-eabi/lib/thumb/v7e-m+fp/hard\libc_nano.a(libc_a-atoi.o) (_strtol_r)
C:/ST/STM32CubeIDE_1.19.0/STM32CubeIDE/plugins/com.st.stm32cube.ide.mcu.externaltools.gnu-tools-for-stm32.13.3.rel1.win32_1.0.0.202411081344/tools/bin/../lib/gcc/arm-none-eabi/13.3.1/../../../../arm-none-eabi/lib/thumb/v7e-m+fp/hard\libc_nano.a(libc_a-ctype_.o)
                              C:/ST/STM32CubeIDE_1.19.0/STM32CubeIDE/plugins/com.st.stm32cube.ide.mcu.externaltools.gnu-tools-for-stm32.13.3.rel1.win32_1.0.0.202411081344/tools/bin/../lib/gcc/arm-none-eabi/13.3.1/../../../../arm-none-eabi/lib/thumb/v7e-m+fp/hard\libc_nano.a(libc_a-strtol.o) (_ctype_)
C:/ST/STM32CubeIDE_1.19.0/STM32CubeIDE/plugins/com.st.stm32cube.ide.mcu.externaltools.gnu-tools-for-stm32.13.3.rel1.win32_1.0.0.202411081344/tools/bin/../lib/gcc/arm-none-eabi/13.3.1/../../../../arm-none-eabi/lib/thumb/v7e-m+fp/hard\libc_nano.a(libc_a-nano-vfprintf_float.o)
                              (_printf_float)
C:/ST/STM32CubeIDE_1.19.0/STM32CubeIDE/plugins/com.st.stm32cube.ide.mcu.externaltools.gnu-tools-for-stm32.13.3.rel1.win32_1.0.0.202411081344/tools/bin/../lib/gcc/arm-none-eabi/13.3.1/../../../../arm-none-eabi/lib/thumb/v7e-m+fp/hard\libc_nano.a(libc_a-nano-vfprintf_i.o)
                              C:/ST/STM32CubeIDE_1.19.0/STM32CubeIDE/plugins/com.st.stm32cube.ide.mcu.externaltools.gnu-tools-for-stm32.13.3.rel1.win32_1.0.0.202411081344/tools/bin/../lib/gcc/arm-none-eabi/13.3.1/../../../../arm-none-eabi/lib/thumb/v7e-m+fp/hard\libc_nano.a(libc_a-nano-vfprintf_float.o) (_printf_common)
C:/ST/STM32CubeIDE_1.19.0/STM32CubeIDE/plugins/com.st.stm32cube.ide.mcu.externaltools.gnu-tools-for-stm32.13.3.rel1.win32_1.0.0.202411081344/tools/bin/../lib/gcc/arm-none-eabi/13.3.1/../../../../arm-none-eabi/lib/thumb/v7e-m+fp/hard\libc_nano.a(libc_a-findfp.o)
                              C:/ST/STM32CubeIDE_1.19.0/STM32CubeIDE/plugins/com.st.stm32cube.ide.mcu.externaltools.gnu-tools-for-stm32.13.3.rel1.win32_1.0.0.202411081344/tools/bin/../lib/gcc/arm-none-eabi/13.3.1/../../../../arm-none-eabi/lib/thumb/v7e-m+fp/hard\libc_nano.a(libc_a-exit.o) (__stdio_exit_handler)
C:/ST/STM32CubeIDE_1.19.0/STM32CubeIDE/plugins/com.st.stm32cube.ide.mcu.externaltools.gnu-tools-for-stm32.13.3.rel1.win32_1.0.0.202411081344/tools/bin/../lib/gcc/arm-none-eabi/13.3.1/../../../../arm-none-eabi/lib/thumb/v7e-m+fp/hard\libc_nano.a(libc_a-fwalk.o)
                              C:/ST/STM32CubeIDE_1.19.0/STM32CubeIDE/plugins/com.st.stm32cube.ide.mcu.externaltools.gnu-tools-for-stm32.13.3.rel1.win32_1.0.0.202411081344/tools/bin/../lib/gcc/arm-none-eabi/13.3.1/../../../../arm-none-eabi/lib/thumb/v7e-m+fp/hard\libc_nano.a(libc_a-findfp.o) (_fwalk_sglue)
C:/ST/STM32CubeIDE_1.19.0/STM32CubeIDE/plugins/com.st.stm32cube.ide.mcu.externaltools.gnu-tools-for-stm32.13.3.rel1.win32_1.0.0.202411081344/tools/bin/../lib/gcc/arm-none-eabi/13.3.1/../../../../arm-none-eabi/lib/thumb/v7e-m+fp/hard\libc_nano.a(libc_a-printf.o)
                              ./Core/Src/freertos.o (printf)
C:/ST/STM32CubeIDE_1.19.0/STM32CubeIDE/plugins/com.st.stm32cube.ide.mcu.externaltools.gnu-tools-for-stm32.13.3.rel1.win32_1.0.0.202411081344/tools/bin/../lib/gcc/arm-none-eabi/13.3.1/../../../../arm-none-eabi/lib/thumb/v7e-m+fp/hard\libc_nano.a(libc_a-puts.o)
                              ./Core/Src/sd_benchmark.o (puts)
[...]
Memory Configuration

Name             Origin             Length             Attributes
RAM              0x20000000         0x00010000         xrw
FLASH            0x08000000         0x00040000         xr
*default*        0x00000000         0xffffffff

Linker script and memory map

LOAD C:/ST/STM32CubeIDE_1.19.0/STM32CubeIDE/plugins/com.st.stm32cube.ide.mcu.externaltools.gnu-tools-for-stm32.13.3.rel1.win32_1.0.0.202411081344/tools/bin/../lib/gcc/arm-none-eabi/13.3.1/thumb/v7e-m+fp/hard/crti.o
LOAD C:/ST/STM32CubeIDE_1.19.0/STM32CubeIDE/plugins/com.st.stm32cube.ide.mcu.externaltools.gnu-tools-for-stm32.13.3.rel1.win32_1.0.0.202411081344/tools/bin/../lib/gcc/arm-none-eabi/13.3.1/thumb/v7e-m+fp/hard/crtbegin.o
LOAD C:/ST/STM32CubeIDE_1.19.0/STM32CubeIDE/plugins/com.st.stm32cube.ide.mcu.externaltools.gnu-tools-for-stm32.13.3.rel1.win32_1.0.0.202411081344/tools/bin/../lib/gcc/arm-none-eabi/13.3.1/../../../../arm-none-eabi/lib/thumb/v7e-m+fp/hard/crt0.o
LOAD ./Core/Src/adc.o
LOAD ./Core/Src/dma.o
LOAD ./Core/Src/freertos.o
LOAD ./Core/Src/gpio.o
LOAD ./Core/Src/icm20948.o
LOAD ./Core/Src/main.o
LOAD ./Core/Src/sd_benchmark.o
LOAD ./Core/Src/sd_diskio_spi.o
LOAD ./Core/Src/sd_functions.o
LOAD ./Core/Src/sd_spi.o
LOAD ./Core/Src/spi.o
LOAD ./Core/Src/stm32f4xx_hal_msp.o
LOAD ./Core/Src/stm32f4xx_hal_timebase_tim.o
LOAD ./Core/Src/stm32f4xx_it.o
LOAD ./Core/Src/syscalls.o
LOAD ./Core/Src/sysmem.o
LOAD ./Core/Src/system_stm32f4xx.o
LOAD ./Core/Src/usart.o
LOAD ./Core/Startup/startup_stm32f401rctx.o
LOAD ./Drivers/STM32F4xx_HAL_Driver/Src/stm32f4xx_hal.o
LOAD ./Drivers/STM32F4xx_HAL_Driver/Src/stm32f4xx_hal_adc.o
LOAD ./Drivers/STM32F4xx_HAL_Driver/Src/stm32f4xx_hal_adc_ex.o
LOAD ./Drivers/STM32F4xx_HAL_Driver/Src/stm32f4xx_hal_cortex.o
LOAD ./Drivers/STM32F4xx_HAL_Driver/Src/stm32f4xx_hal_dma.o
LOAD ./Drivers/STM32F4xx_HAL_Driver/Src/stm32f4xx_hal_dma_ex.o
LOAD ./Drivers/STM32F4xx_HAL_Driver/Src/stm32f4xx_hal_exti.o
LOAD ./Drivers/STM32F4xx_HAL_Driver/Src/stm32f4xx_hal_flash.o
LOAD ./Drivers/STM32F4xx_HAL_Driver/Src/stm32f4xx_hal_flash_ex.o
LOAD ./Drivers/STM32F4xx_HAL_Driver/Src/stm32f4xx_hal_flash_ramfunc.o
LOAD ./Drivers/STM32F4xx_HAL_Driver/Src/stm32f4xx_hal_gpio.o
LOAD ./Drivers/STM32F4xx_HAL_Driver/Src/stm32f4xx_hal_pwr.o
LOAD ./Drivers/STM32F4xx_HAL_Driver/Src/stm32f4xx_hal_pwr_ex.o
LOAD ./Drivers/STM32F4xx_HAL_Driver/Src/stm32f4xx_hal_rcc.o
LOAD ./Drivers/STM32F4xx_HAL_Driver/Src/stm32f4xx_hal_rcc_ex.o
LOAD ./Drivers/STM32F4xx_HAL_Driver/Src/stm32f4xx_hal_spi.o
LOAD ./Drivers/STM32F4xx_HAL_Driver/Src/stm32f4xx_hal_tim.o
LOAD ./Drivers/STM32F4xx_HAL_Driver/Src/stm32f4xx_hal_tim_ex.o
LOAD ./Drivers/STM32F4xx_HAL_Driver/Src/stm32f4xx_hal_uart.o
LOAD ./Drivers/STM32F4xx_HAL_Driver/Src/stm32f4xx_ll_adc.o
LOAD ./FATFS/App/fatfs.o
LOAD ./FATFS/Target/user_diskio.o
LOAD ./Middlewares/Third_Party/FatFs/src/diskio.o
LOAD ./Middlewares/Third_Party/FatFs/src/ff.o
LOAD ./Middlewares/Third_Party/FatFs/src/ff_gen_drv.o
LOAD ./Middlewares/Third_Party/FatFs/src/option/ccsbcs.o
LOAD ./Middlewares/Third_Party/FatFs/src/option/syscall.o
LOAD ./Middlewares/Third_Party/FreeRTOS/Source/CMSIS_RTOS_V2/cmsis_os2.o
LOAD ./Middlewares/Third_Party/FreeRTOS/Source/croutine.o
LOAD ./Middlewares/Third_Party/FreeRTOS/Source/event_groups.o
LOAD ./Middlewares/Third_Party/FreeRTOS/Source/list.o
LOAD ./Middlewares/Third_Party/FreeRTOS/Source/queue.o
LOAD ./Middlewares/Third_Party/FreeRTOS/Source/stream_buffer.o
LOAD ./Middlewares/Third_Party/FreeRTOS/Source/tasks.o
LOAD ./Middlewares/Third_Party/FreeRTOS/Source/timers.o
LOAD ./Middlewares/Third_Party/FreeRTOS/Source/portable/GCC/ARM_CM4F/port.o
LOAD ./Middlewares/Third_Party/FreeRTOS/Source/portable/MemMang/heap_4.o
START GROUP
LOAD C:/ST/STM32CubeIDE_1.19.0/STM32CubeIDE/plugins/com.st.stm32cube.ide.mcu.externaltools.gnu-tools-for-stm32.13.3.rel1.win32_1.0.0.202411081344/tools/bin/../lib/gcc/arm-none-eabi/13.3.1/../../../../arm-none-eabi/lib/thumb/v7e-m+fp/hard\libc_nano.a
LOAD C:/ST/STM32CubeIDE_1.19.0/STM32CubeIDE/plugins/com.st.stm32cube.ide.mcu.externaltools.gnu-tools-for-stm32.13.3.rel1.win32_1.0.0.202411081344/tools/bin/../lib/gcc/arm-none-eabi/13.3.1/../../../../arm-none-eabi/lib/thumb/v7e-m+fp/hard\libm.a
END GROUP
START GROUP
LOAD C:/ST/STM32CubeIDE_1.19.0/STM32CubeIDE/plugins/com.st.stm32cube.ide.mcu.externaltools.gnu-tools-for-stm32.13.3.rel1.win32_1.0.0.202411081344/tools/bin/../lib/gcc/arm-none-eabi/13.3.1/thumb/v7e-m+fp/hard\libgcc.a
LOAD C:/ST/STM32CubeIDE_1.19.0/STM32CubeIDE/plugins/com.st.stm32cube.ide.mcu.externaltools.gnu-tools-for-stm32.13.3.rel1.win32_1.0.0.202411081344/tools/bin/../lib/gcc/arm-none-eabi/13.3.1/../../../../arm-none-eabi/lib/thumb/v7e-m+fp/hard\libc_nano.a
END GROUP
START GROUP
LOAD C:/ST/STM32CubeIDE_1.19.0/STM32CubeIDE/plugins/com.st.stm32cube.ide.mcu.externaltools.gnu-tools-for-stm32.13.3.rel1.win32_1.0.0.202411081344/tools/bin/../lib/gcc/arm-none-eabi/13.3.1/thumb/v7e-m+fp/hard\libgcc.a
LOAD C:/ST/STM32CubeIDE_1.19.0/STM32CubeIDE/plugins/com.st.stm32cube.ide.mcu.externaltools.gnu-tools-for-stm32.13.3.rel1.win32_1.0.0.202411081344/tools/bin/../lib/gcc/arm-none-eabi/13.3.1/../../../../arm-none-eabi/lib/thumb/v7e-m+fp/hard\libc_nano.a
LOAD C:/ST/STM32CubeIDE_1.19.0/STM32CubeIDE/plugins/com.st.stm32cube.ide.mcu.externaltools.gnu-tools-for-stm32.13.3.rel1.win32_1.0.0.202411081344/tools/bin/../lib/gcc/arm-none-eabi/13.3.1/../../../../arm-none-eabi/lib/thumb/v7e-m+fp/hard\libnosys.a
END GROUP
START GROUP
LOAD C:/ST/STM32CubeIDE_1.19.0/STM32CubeIDE/plugins/com.st.stm32cube.ide.mcu.externaltools.gnu-tools-for-stm32.13.3.rel1.win32_1.0.0.202411081344/tools/bin/../lib/gcc/arm-none-eabi/13.3.1/thumb/v7e-m+fp/hard\libgcc.a
LOAD C:/ST/STM32CubeIDE_1.19.0/STM32CubeIDE/plugins/com.st.stm32cube.ide.mcu.externaltools.gnu-tools-for-stm32.13.3.rel1.win32_1.0.0.202411081344/tools/bin/../lib/gcc/arm-none-eabi/13.3.1/../../../../arm-none-eabi/lib/thumb/v7e-m+fp/hard\libc_nano.a
LOAD C:/ST/STM32CubeIDE_1.19.0/STM32CubeIDE/plugins/com.st.stm32cube.ide.mcu.externaltools.gnu-tools-for-stm32.13.3.rel1.win32_1.0.0.202411081344/tools/bin/../lib/gcc/arm-none-eabi/13.3.1/../../../../arm-none-eabi/lib/thumb/v7e-m+fp/hard\libnosys.a
END GROUP
LOAD C:/ST/STM32CubeIDE_1.19.0/STM32CubeIDE/plugins/com.st.stm32cube.ide.mcu.externaltools.gnu-tools-for-stm32.13.3.rel1.win32_1.0.0.202411081344/tools/bin/../lib/gcc/arm-none-eabi/13.3.1/thumb/v7e-m+fp/hard/crtend.o
LOAD C:/ST/STM32CubeIDE_1.19.0/STM32CubeIDE/plugins/com.st.stm32cube.ide.mcu.externaltools.gnu-tools-for-stm32.13.3.rel1.win32_1.0.0.202411081344/tools/bin/../lib/gcc/arm-none-eabi/13.3.1/thumb/v7e-m+fp/hard/crtn.o
                0x20010000                        _estack = (ORIGIN (RAM) + LENGTH (RAM))
                0x00000200                        _Min_Heap_Size = 0x200
                0x00000400                        _Min_Stack_Size = 0x400

.isr_vector     0x08000000      0x194
                0x08000000                        . = ALIGN (0x4)
 *(.isr_vector)
 .isr_vector    0x08000000      0x194 ./Core/Startup/startup_stm32f401rctx.o
                0x08000000                g_pfnVectors
                0x08000194                        . = ALIGN (0x4)

.text           0x080001a0    0x12a70
                0x080001a0                        . = ALIGN (0x4)
 *(.text)
 .text          0x080001a0       0x40 C:/ST/STM32CubeIDE_1.19.0/STM32CubeIDE/plugins/com.st.stm32cube.ide.mcu.externaltools.gnu-tools-for-stm32.13.3.rel1.win32_1.0.0.202411081344/tools/bin/../lib/gcc/arm-none-eabi/13.3.1/thumb/v7e-m+fp/hard/crtbegin.o
 .text          0x080001e0       0xa0 C:/ST/STM32CubeIDE_1.19.0/STM32CubeIDE/plugins/com.st.stm32cube.ide.mcu.externaltools.gnu-tools-for-stm32.13.3.rel1.win32_1.0.0.202411081344/tools/bin/../lib/gcc/arm-none-eabi/13.3.1/../../../../arm-none-eabi/lib/thumb/v7e-m+fp/hard\libc_nano.a(libc_a-memchr.o)
                0x080001e0                memchr
 .text          0x08000280       0x10 C:/ST/STM32CubeIDE_1.19.0/STM32CubeIDE/plugins/com.st.stm32cube.ide.mcu.externaltools.gnu-tools-for-stm32.13.3.rel1.win32_1.0.0.202411081344/tools/bin/../lib/gcc/arm-none-eabi/13.3.1/../../../../arm-none-eabi/lib/thumb/v7e-m+fp/hard\libc_nano.a(libc_a-strlen.o)
                0x08000280                strlen
 .text          0x08000290      0x378 C:/ST/STM32CubeIDE_1.19.0/STM32CubeIDE/plugins/com.st.stm32cube.ide.mcu.externaltools.gnu-tools-for-stm32.13.3.rel1.win32_1.0.0.202411081344/tools/bin/../lib/gcc/arm-none-eabi/13.3.1/thumb/v7e-m+fp/hard\libgcc.a(_arm_addsubdf3.o)
                0x08000290                __aeabi_drsub
                0x08000298                __aeabi_dsub
                0x08000298                __subdf3
                0x0800029c                __aeabi_dadd
                0x0800029c                __adddf3
                0x08000514                __floatunsidf
                0x08000514                __aeabi_ui2d
                0x08000534                __floatsidf
                0x08000534                __aeabi_i2d
                0x08000558                __aeabi_f2d
                0x08000558                __extendsfdf2
                0x0800059c                __floatundidf
                0x0800059c                __aeabi_ul2d
                0x080005ac                __floatdidf
                0x080005ac                __aeabi_l2d
 .text          0x08000608      0x424 C:/ST/STM32CubeIDE_1.19.0/STM32CubeIDE/plugins/com.st.stm32cube.ide.mcu.externaltools.gnu-tools-for-stm32.13.3.rel1.win32_1.0.0.202411081344/tools/bin/../lib/gcc/arm-none-eabi/13.3.1/thumb/v7e-m+fp/hard\libgcc.a(_arm_muldivdf3.o)
                0x08000608                __aeabi_dmul
                0x08000608                __muldf3
                0x0800085c                __divdf3
                0x0800085c                __aeabi_ddiv
 .text          0x08000a2c      0x110 C:/ST/STM32CubeIDE_1.19.0/STM32CubeIDE/plugins/com.st.stm32cube.ide.mcu.externaltools.gnu-tools-for-stm32.13.3.rel1.win32_1.0.0.202411081344/tools/bin/../lib/gcc/arm-none-eabi/13.3.1/thumb/v7e-m+fp/hard\libgcc.a(_arm_cmpdf2.o)
                0x08000a2c                __gtdf2
                0x08000a2c                __gedf2
                0x08000a34                __ltdf2
                0x08000a34                __ledf2
                0x08000a3c                __nedf2
                0x08000a3c                __eqdf2
                0x08000a3c                __cmpdf2
                0x08000ab8                __aeabi_cdrcmple
                0x08000ac8                __aeabi_cdcmpeq
                0x08000ac8                __aeabi_cdcmple
                0x08000ad8                __aeabi_dcmpeq
                0x08000aec                __aeabi_dcmplt
                0x08000b00                __aeabi_dcmple
                0x08000b14                __aeabi_dcmpge
                0x08000b28                __aeabi_dcmpgt
 .text          0x08000b3c       0x2c C:/ST/STM32CubeIDE_1.19.0/STM32CubeIDE/plugins/com.st.stm32cube.ide.mcu.externaltools.gnu-tools-for-stm32.13.3.rel1.win32_1.0.0.202411081344/tools/bin/../lib/gcc/arm-none-eabi/13.3.1/thumb/v7e-m+fp/hard\libgcc.a(_arm_unorddf2.o)
                0x08000b3c                __unorddf2
                0x08000b3c                __aeabi_dcmpun
 .text          0x08000b68       0x50 C:/ST/STM32CubeIDE_1.19.0/STM32CubeIDE/plugins/com.st.stm32cube.ide.mcu.externaltools.gnu-tools-for-stm32.13.3.rel1.win32_1.0.0.202411081344/tools/bin/../lib/gcc/arm-none-eabi/13.3.1/thumb/v7e-m+fp/hard\libgcc.a(_arm_fixdfsi.o)
                0x08000b68                __aeabi_d2iz
                0x08000b68                __fixdfsi
 .text          0x08000bb8      0x21c C:/ST/STM32CubeIDE_1.19.0/STM32CubeIDE/plugins/com.st.stm32cube.ide.mcu.externaltools.gnu-tools-for-stm32.13.3.rel1.win32_1.0.0.202411081344/tools/bin/../lib/gcc/arm-none-eabi/13.3.1/thumb/v7e-m+fp/hard\libgcc.a(_arm_addsubsf3.o)
                0x08000bb8                __aeabi_frsub
                0x08000bc0                __subsf3
                0x08000bc0                __aeabi_fsub
                0x08000bc4                __aeabi_fadd
                0x08000bc4                __addsf3
                0x08000d24                __aeabi_ui2f
                0x08000d24                __floatunsisf
                0x08000d2c                __aeabi_i2f
                0x08000d2c                __floatsisf
                0x08000d48                __aeabi_ul2f
                0x08000d48                __floatundisf
                0x08000d58                __aeabi_l2f
                0x08000d58                __floatdisf
 .text          0x08000dd4       0xa0 C:/ST/STM32CubeIDE_1.19.0/STM32CubeIDE/plugins/com.st.stm32cube.ide.mcu.externaltools.gnu-tools-for-stm32.13.3.rel1.win32_1.0.0.202411081344/tools/bin/../lib/gcc/arm-none-eabi/13.3.1/thumb/v7e-m+fp/hard\libgcc.a(_aeabi_ldivmod.o)
                0x08000dd4                __aeabi_ldivmod
 .text          0x08000e74       0x30 C:/ST/STM32CubeIDE_1.19.0/STM32CubeIDE/plugins/com.st.stm32cube.ide.mcu.externaltools.gnu-tools-for-stm32.13.3.rel1.win32_1.0.0.202411081344/tools/bin/../lib/gcc/arm-none-eabi/13.3.1/thumb/v7e-m+fp/hard\libgcc.a(_aeabi_uldivmod.o)
                0x08000e74                __aeabi_uldivmod
 .text          0x08000ea4      0x2f8 C:/ST/STM32CubeIDE_1.19.0/STM32CubeIDE/plugins/com.st.stm32cube.ide.mcu.externaltools.gnu-tools-for-stm32.13.3.rel1.win32_1.0.0.202411081344/tools/bin/../lib/gcc/arm-none-eabi/13.3.1/thumb/v7e-m+fp/hard\libgcc.a(_udivmoddi4.o)
                0x08000ea4                __udivmoddi4
 .text          0x0800119c        0x4 C:/ST/STM32CubeIDE_1.19.0/STM32CubeIDE/plugins/com.st.stm32cube.ide.mcu.externaltools.gnu-tools-for-stm32.13.3.rel1.win32_1.0.0.202411081344/tools/bin/../lib/gcc/arm-none-eabi/13.3.1/thumb/v7e-m+fp/hard\libgcc.a(_dvmd_tls.o)
                0x0800119c                __aeabi_idiv0
                0x0800119c                __aeabi_ldiv0
 *(.text*)
 .text.MX_ADC1_Init
                0x080011a0       0xc0 ./Core/Src/adc.o
                0x080011a0                MX_ADC1_Init
 .text.HAL_ADC_MspInit
                0x08001260       0xf0 ./Core/Src/adc.o
                0x08001260                HAL_ADC_MspInit
 .text.MX_DMA_Init
                0x08001350       0x8c ./Core/Src/dma.o
                0x08001350                MX_DMA_Init
 .text._write   0x080013dc       0x48 ./Core/Src/freertos.o
                0x080013dc                _write
 .text.configNEOM8N
                0x08001424       0x40 ./Core/Src/freertos.o
                0x08001424                configNEOM8N
 .text.configurarGPS
                0x08001464       0xbc ./Core/Src/freertos.o
 .text.UART_ProcessDMA
                0x08001520       0x68 ./Core/Src/freertos.o
                0x08001520                UART_ProcessDMA
 .text.ubx_checksum
                0x08001588       0x3c ./Core/Src/freertos.o
                0x08001588                ubx_checksum
 .text.UBX_ParseByte
                0x080015c4      0x198 ./Core/Src/freertos.o
                0x080015c4                UBX_ParseByte
 .text.UBX_HandleMessage
                0x0800175c      0x30c ./Core/Src/freertos.o
                0x0800175c                UBX_HandleMessage
 .text.BMP280_CS_Low
                0x08001a68       0x18 ./Core/Src/freertos.o
 .text.BMP280_CS_High
                0x08001a80       0x18 ./Core/Src/freertos.o
 .text.BMP280_SPI_Read
                0x08001a98       0x4c ./Core/Src/freertos.o
 .text.BMP280_SPI_Write
                0x08001ae4       0x44 ./Core/Src/freertos.o
 .text.BMP280_Read8
                0x08001b28       0x22 ./Core/Src/freertos.o
 *fill*         0x08001b4a        0x2 
 .text.BMP280_ReadCalibration
                0x08001b4c      0x140 ./Core/Src/freertos.o
 .text.BMP280_Init
                0x08001c8c       0x46 ./Core/Src/freertos.o
                0x08001c8c                BMP280_Init
 .text.BMP280_ReadRawTemp
                0x08001cd2       0x2c ./Core/Src/freertos.o
 .text.BMP280_ReadRawPress
                0x08001cfe       0x2c ./Core/Src/freertos.o
 *fill*         0x08001d2a        0x2 
 .text.BMP280_ReadTemperature
                0x08001d2c       0xa0 ./Core/Src/freertos.o
                0x08001d2c                BMP280_ReadTemperature
 .text.BMP280_ReadPressure
                0x08001dcc      0x5ac ./Core/Src/freertos.o
                0x08001dcc                BMP280_ReadPressure
 .text.BMP280_ComputeAltitude
                0x08002378       0x4c ./Core/Src/freertos.o
                0x08002378                BMP280_ComputeAltitude
 .text.BMP280_Task
                0x080023c4       0x50 ./Core/Src/freertos.o
                0x080023c4                BMP280_Task
 .text.MX_FREERTOS_Init
                0x08002414      0x148 ./Core/Src/freertos.o
                0x08002414                MX_FREERTOS_Init
 .text.StartICm20948_Accel
                0x0800255c       0x30 ./Core/Src/freertos.o
                0x0800255c                StartICm20948_Accel
 .text.StartICM20948_Gyro
                0x0800258c       0x24 ./Core/Src/freertos.o
                0x0800258c                StartICM20948_Gyro
 .text.BMP280_Temp_Press_Alt
                0x080025b0       0x28 ./Core/Src/freertos.o
                0x080025b0                BMP280_Temp_Press_Alt
 .text.SD_dataProcess
                0x080025d8       0xb8 ./Core/Src/freertos.o
                0x080025d8                SD_dataProcess
 .text.pitotInit
                0x08002690       0x34 ./Core/Src/freertos.o
                0x08002690                pitotInit
 .text.aoaInit  0x080026c4       0x34 ./Core/Src/freertos.o
                0x080026c4                aoaInit
 .text.gpsDatainit
                0x080026f8       0xc0 ./Core/Src/freertos.o
                0x080026f8                gpsDatainit
 .text.gpsPlotInit
                0x080027b8       0x12 ./Core/Src/freertos.o
                0x080027b8                gpsPlotInit
 *fill*         0x080027ca        0x2 
 .text.MX_GPIO_Init
                0x080027cc       0xf4 ./Core/Src/gpio.o
                0x080027cc                MX_GPIO_Init
 .text.icm20948_init
                0x080028c0       0x5c ./Core/Src/icm20948.o
                0x080028c0                icm20948_init
 .text.ak09916_init
                0x0800291c       0x32 ./Core/Src/icm20948.o
                0x0800291c                ak09916_init
 .text.icm20948_gyro_read
                0x0800294e       0x8c ./Core/Src/icm20948.o
                0x0800294e                icm20948_gyro_read
 *fill*         0x080029da        0x2 
 .text.icm20948_accel_read
                0x080029dc       0x9c ./Core/Src/icm20948.o
                0x080029dc                icm20948_accel_read
 .text.icm20948_gyro_read_dps
                0x08002a78       0x5c ./Core/Src/icm20948.o
                0x08002a78                icm20948_gyro_read_dps
 .text.icm20948_accel_read_g
                0x08002ad4       0x5c ./Core/Src/icm20948.o
                0x08002ad4                icm20948_accel_read_g
 .text.icm20948_who_am_i
                0x08002b30       0x26 ./Core/Src/icm20948.o
                0x08002b30                icm20948_who_am_i
 .text.ak09916_who_am_i
                0x08002b56       0x24 ./Core/Src/icm20948.o
                0x08002b56                ak09916_who_am_i
 .text.icm20948_device_reset
                0x08002b7a       0x18 ./Core/Src/icm20948.o
                0x08002b7a                icm20948_device_reset
 .text.ak09916_soft_reset
                0x08002b92       0x16 ./Core/Src/icm20948.o
                0x08002b92                ak09916_soft_reset
 .text.icm20948_wakeup
                0x08002ba8       0x34 ./Core/Src/icm20948.o
                0x08002ba8                icm20948_wakeup
 .text.icm20948_spi_slave_enable
                0x08002bdc       0x2e ./Core/Src/icm20948.o
                0x08002bdc                icm20948_spi_slave_enable
 .text.icm20948_i2c_master_reset
                0x08002c0a       0x2e ./Core/Src/icm20948.o
                0x08002c0a                icm20948_i2c_master_reset
 .text.icm20948_i2c_master_enable
                0x08002c38       0x34 ./Core/Src/icm20948.o
                0x08002c38                icm20948_i2c_master_enable
 .text.icm20948_i2c_master_clk_frq
                0x08002c6c       0x32 ./Core/Src/icm20948.o
                0x08002c6c                icm20948_i2c_master_clk_frq
 .text.icm20948_clock_source
                0x08002c9e       0x32 ./Core/Src/icm20948.o
                0x08002c9e                icm20948_clock_source
 .text.icm20948_odr_align_enable
                0x08002cd0       0x12 ./Core/Src/icm20948.o
                0x08002cd0                icm20948_odr_align_enable
 .text.icm20948_gyro_low_pass_filter
                0x08002ce2       0x3c ./Core/Src/icm20948.o
                0x08002ce2                icm20948_gyro_low_pass_filter
 .text.icm20948_accel_low_pass_filter
                0x08002d1e       0x3c ./Core/Src/icm20948.o
                0x08002d1e                icm20948_accel_low_pass_filter
 .text.icm20948_gyro_sample_rate_divider
                0x08002d5a       0x1e ./Core/Src/icm20948.o
                0x08002d5a                icm20948_gyro_sample_rate_divider
 .text.icm20948_accel_sample_rate_divider
                0x08002d78       0x3c ./Core/Src/icm20948.o
                0x08002d78                icm20948_accel_sample_rate_divider
 .text.ak09916_operation_mode_setting
                0x08002db4       0x22 ./Core/Src/icm20948.o
                0x08002db4                ak09916_operation_mode_setting
 *fill*         0x08002dd6        0x2 
 .text.icm20948_gyro_calibration
                0x08002dd8      0x138 ./Core/Src/icm20948.o
                0x08002dd8                icm20948_gyro_calibration
 .text.icm20948_accel_calibration
                0x08002f10      0x214 ./Core/Src/icm20948.o
                0x08002f10                icm20948_accel_calibration
 .text.icm20948_gyro_full_scale_select
                0x08003124       0x94 ./Core/Src/icm20948.o
                0x08003124                icm20948_gyro_full_scale_select
 .text.icm20948_accel_full_scale_select
                0x080031b8       0x8c ./Core/Src/icm20948.o
                0x080031b8                icm20948_accel_full_scale_select
 .text.cs_high  0x08003244       0x18 ./Core/Src/icm20948.o
 .text.cs_low   0x0800325c       0x18 ./Core/Src/icm20948.o
 .text.select_user_bank
                0x08003274       0x34 ./Core/Src/icm20948.o
 .text.read_single_icm20948_reg
                0x080032a8       0x58 ./Core/Src/icm20948.o
 .text.write_single_icm20948_reg
                0x08003300       0x48 ./Core/Src/icm20948.o
 .text.read_multiple_icm20948_reg
                0x08003348       0x60 ./Core/Src/icm20948.o
 .text.write_multiple_icm20948_reg
                0x080033a8       0x58 ./Core/Src/icm20948.o
 .text.read_single_ak09916_reg
                0x08003400       0x42 ./Core/Src/icm20948.o
 .text.write_single_ak09916_reg
                0x08003442       0x44 ./Core/Src/icm20948.o
 *fill*         0x08003486        0x2 
 .text.main     0x08003488       0x60 ./Core/Src/main.o
                0x08003488                main
 .text.SystemClock_Config
                0x080034e8       0xd4 ./Core/Src/main.o
                0x080034e8                SystemClock_Config
 .text.HAL_TIM_PeriodElapsedCallback
                0x080035bc       0x24 ./Core/Src/main.o
                0x080035bc                HAL_TIM_PeriodElapsedCallback
 .text.Error_Handler
                0x080035e0        0xc ./Core/Src/main.o
                0x080035e0                Error_Handler
 .text.SD_disk_status
                0x080035ec       0x22 ./Core/Src/sd_diskio_spi.o
                0x080035ec                SD_disk_status
 .text.SD_disk_initialize
                0x0800360e       0x2c ./Core/Src/sd_diskio_spi.o
                0x0800360e                SD_disk_initialize
 *fill*         0x0800363a        0x2 
 .text.SD_disk_read
                0x0800363c       0x50 ./Core/Src/sd_diskio_spi.o
                0x0800363c                SD_disk_read
 .text.SD_disk_write
                0x0800368c       0x50 ./Core/Src/sd_diskio_spi.o
                0x0800368c                SD_disk_write
 .text.SD_disk_ioctl
                0x080036dc       0x6c ./Core/Src/sd_diskio_spi.o
                0x080036dc                SD_disk_ioctl
 .text.sd_mount
                0x08003748       0x5c ./Core/Src/sd_functions.o
                0x08003748                sd_mount
 .text.sd_unmount
                0x080037a4       0x38 ./Core/Src/sd_functions.o
                0x080037a4                sd_unmount
 .text.sd_append_file
                0x080037dc       0xe6 ./Core/Src/sd_functions.o
                0x080037dc                sd_append_file
 *fill*         0x080038c2        0x2 
 .text.HAL_SPI_TxCpltCallback
                0x080038c4       0x2c ./Core/Src/sd_spi.o
                0x080038c4                HAL_SPI_TxCpltCallback
 .text.HAL_SPI_TxRxCpltCallback
                0x080038f0       0x2c ./Core/Src/sd_spi.o
                0x080038f0                HAL_SPI_TxRxCpltCallback
 .text.SD_TransmitByte
                0x0800391c       0x24 ./Core/Src/sd_spi.o
 .text.SD_ReceiveByte
                0x08003940       0x30 ./Core/Src/sd_spi.o
 .text.SD_TransmitBuffer
                0x08003970       0x3c ./Core/Src/sd_spi.o
 .text.SD_ReceiveBuffer
                0x080039ac       0x5c ./Core/Src/sd_spi.o
 .text.SD_WaitReady
                0x08003a08       0x3a ./Core/Src/sd_spi.o
 .text.SD_SendCommand
                0x08003a42       0x82 ./Core/Src/sd_spi.o
 .text.SD_SPI_Init
                0x08003ac4      0x1e4 ./Core/Src/sd_spi.o
                0x08003ac4                SD_SPI_Init
 .text.SD_ReadBlocks
                0x08003ca8       0xd0 ./Core/Src/sd_spi.o
                0x08003ca8                SD_ReadBlocks
 .text.SD_ReadMultiBlocks
                0x08003d78       0xd8 ./Core/Src/sd_spi.o
                0x08003d78                SD_ReadMultiBlocks
 .text.SD_WriteBlocks
                0x08003e50       0xcc ./Core/Src/sd_spi.o
                0x08003e50                SD_WriteBlocks
 .text.SD_WriteMultiBlocks
                0x08003f1c       0xdc ./Core/Src/sd_spi.o
                0x08003f1c                SD_WriteMultiBlocks
 .text.MX_SPI1_Init
                0x08003ff8       0x6c ./Core/Src/spi.o
                0x08003ff8                MX_SPI1_Init
 .text.MX_SPI2_Init
                0x08004064       0x6c ./Core/Src/spi.o
                0x08004064                MX_SPI2_Init
 .text.HAL_SPI_MspInit
                0x080040d0      0x1c8 ./Core/Src/spi.o
                0x080040d0                HAL_SPI_MspInit
 .text.HAL_MspInit
                0x08004298       0x58 ./Core/Src/stm32f4xx_hal_msp.o
                0x08004298                HAL_MspInit
 .text.HAL_InitTick
                0x080042f0       0xe4 ./Core/Src/stm32f4xx_hal_timebase_tim.o
                0x080042f0                HAL_InitTick
 .text.NMI_Handler
                0x080043d4        0x8 ./Core/Src/stm32f4xx_it.o
                0x080043d4                NMI_Handler
 .text.HardFault_Handler
                0x080043dc        0x8 ./Core/Src/stm32f4xx_it.o
                0x080043dc                HardFault_Handler
 .text.MemManage_Handler
                0x080043e4        0x8 ./Core/Src/stm32f4xx_it.o
                0x080043e4                MemManage_Handler
 .text.BusFault_Handler
                0x080043ec        0x8 ./Core/Src/stm32f4xx_it.o
                0x080043ec                BusFault_Handler
 .text.UsageFault_Handler
                0x080043f4        0x8 ./Core/Src/stm32f4xx_it.o
                0x080043f4                UsageFault_Handler
 .text.DebugMon_Handler
                0x080043fc        0xe ./Core/Src/stm32f4xx_it.o
                0x080043fc                DebugMon_Handler
 *fill*         0x0800440a        0x2 
 .text.DMA1_Stream5_IRQHandler
                0x0800440c       0x14 ./Core/Src/stm32f4xx_it.o
                0x0800440c                DMA1_Stream5_IRQHandler
 .text.TIM1_BRK_TIM9_IRQHandler
                0x08004420       0x14 ./Core/Src/stm32f4xx_it.o
                0x08004420                TIM1_BRK_TIM9_IRQHandler
 .text.DMA2_Stream0_IRQHandler
                0x08004434       0x14 ./Core/Src/stm32f4xx_it.o
                0x08004434                DMA2_Stream0_IRQHandler
 .text.DMA2_Stream3_IRQHandler
                0x08004448       0x14 ./Core/Src/stm32f4xx_it.o
                0x08004448                DMA2_Stream3_IRQHandler
 .text.DMA2_Stream4_IRQHandler
                0x0800445c       0x14 ./Core/Src/stm32f4xx_it.o
                0x0800445c                DMA2_Stream4_IRQHandler
 .text._getpid  0x08004470       0x10 ./Core/Src/syscalls.o
                0x08004470                _getpid
 .text._kill    0x08004480       0x20 ./Core/Src/syscalls.o
                0x08004480                _kill
 .text._exit    0x080044a0       0x16 ./Core/Src/syscalls.o
                0x080044a0                _exit
 .text._read    0x080044b6       0x3a ./Core/Src/syscalls.o
                0x080044b6                _read
 .text._close   0x080044f0       0x18 ./Core/Src/syscalls.o
                0x080044f0                _close
 .text._fstat   0x08004508       0x20 ./Core/Src/syscalls.o
                0x08004508                _fstat
 .text._isatty  0x08004528       0x16 ./Core/Src/syscalls.o
                0x08004528                _isatty
 .text._lseek   0x0800453e       0x1a ./Core/Src/syscalls.o
                0x0800453e                _lseek
 .text._sbrk    0x08004558       0x6c ./Core/Src/sysmem.o
                0x08004558                _sbrk
 .text.SystemInit
                0x080045c4       0x24 ./Core/Src/system_stm32f4xx.o
                0x080045c4                SystemInit
 .text.MX_USART1_UART_Init
                0x080045e8       0x54 ./Core/Src/usart.o
                0x080045e8                MX_USART1_UART_Init
 .text.MX_USART2_UART_Init
                0x0800463c       0x54 ./Core/Src/usart.o
                0x0800463c                MX_USART2_UART_Init
 .text.HAL_UART_MspInit
                0x08004690      0x160 ./Core/Src/usart.o
                0x08004690                HAL_UART_MspInit
 .text.Reset_Handler
                0x080047f0       0x50 ./Core/Startup/startup_stm32f401rctx.o
                0x080047f0                Reset_Handler
 .text.Default_Handler
                0x08004840        0x2 ./Core/Startup/startup_stm32f401rctx.o
                0x08004840                RTC_Alarm_IRQHandler
                0x08004840                EXTI2_IRQHandler
                0x08004840                SPI4_IRQHandler
                0x08004840                TIM1_CC_IRQHandler
                0x08004840                DMA2_Stream5_IRQHandler
                0x08004840                PVD_IRQHandler
                0x08004840                SDIO_IRQHandler
                0x08004840                TAMP_STAMP_IRQHandler
                0x08004840                EXTI3_IRQHandler
                0x08004840                TIM1_UP_TIM10_IRQHandler
                0x08004840                I2C3_ER_IRQHandler
                0x08004840                EXTI0_IRQHandler
                0x08004840                I2C2_EV_IRQHandler
                0x08004840                DMA1_Stream2_IRQHandler
                0x08004840                FPU_IRQHandler
                0x08004840                DMA2_Stream2_IRQHandler
                0x08004840                SPI1_IRQHandler
                0x08004840                USART6_IRQHandler
                0x08004840                TIM4_IRQHandler
                0x08004840                I2C1_EV_IRQHandler
                0x08004840                DMA1_Stream6_IRQHandler
                0x08004840                DMA1_Stream1_IRQHandler
                0x08004840                TIM3_IRQHandler
                0x08004840                RCC_IRQHandler
                0x08004840                Default_Handler
                0x08004840                EXTI15_10_IRQHandler
                0x08004840                ADC_IRQHandler
                0x08004840                DMA1_Stream7_IRQHandler
                0x08004840                TIM5_IRQHandler
                0x08004840                DMA2_Stream7_IRQHandler
                0x08004840                I2C3_EV_IRQHandler
                0x08004840                EXTI9_5_IRQHandler
                0x08004840                RTC_WKUP_IRQHandler
                0x08004840                SPI2_IRQHandler
                0x08004840                DMA1_Stream0_IRQHandler
                0x08004840                EXTI4_IRQHandler
                0x08004840                WWDG_IRQHandler
                0x08004840                TIM2_IRQHandler
                0x08004840                OTG_FS_WKUP_IRQHandler
                0x08004840                TIM1_TRG_COM_TIM11_IRQHandler
                0x08004840                EXTI1_IRQHandler
                0x08004840                USART2_IRQHandler
                0x08004840                I2C2_ER_IRQHandler
                0x08004840                DMA2_Stream1_IRQHandler
                0x08004840                FLASH_IRQHandler
                0x08004840                USART1_IRQHandler
                0x08004840                OTG_FS_IRQHandler
                0x08004840                SPI3_IRQHandler
                0x08004840                DMA1_Stream4_IRQHandler
                0x08004840                I2C1_ER_IRQHandler
                0x08004840                DMA2_Stream6_IRQHandler
                0x08004840                DMA1_Stream3_IRQHandler
 *fill*         0x08004842        0x2 
 .text.HAL_Init
                0x08004844       0x44 ./Drivers/STM32F4xx_HAL_Driver/Src/stm32f4xx_hal.o
                0x08004844                HAL_Init
 .text.HAL_IncTick
                0x08004888       0x28 ./Drivers/STM32F4xx_HAL_Driver/Src/stm32f4xx_hal.o
                0x08004888                HAL_IncTick
 .text.HAL_GetTick
                0x080048b0       0x18 ./Drivers/STM32F4xx_HAL_Driver/Src/stm32f4xx_hal.o
                0x080048b0                HAL_GetTick
 .text.HAL_Delay
                0x080048c8       0x48 ./Drivers/STM32F4xx_HAL_Driver/Src/stm32f4xx_hal.o
                0x080048c8                HAL_Delay
 .text.HAL_ADC_Init
                0x08004910       0x86 ./Drivers/STM32F4xx_HAL_Driver/Src/stm32f4xx_hal_adc.o
                0x08004910                HAL_ADC_Init
 *fill*         0x08004996        0x2 
 .text.HAL_ADC_Start_DMA
                0x08004998      0x1e8 ./Drivers/STM32F4xx_HAL_Driver/Src/stm32f4xx_hal_adc.o
                0x08004998                HAL_ADC_Start_DMA
 .text.HAL_ADC_ConvCpltCallback
                0x08004b80       0x14 ./Drivers/STM32F4xx_HAL_Driver/Src/stm32f4xx_hal_adc.o
                0x08004b80                HAL_ADC_ConvCpltCallback
 .text.HAL_ADC_ConvHalfCpltCallback
                0x08004b94       0x14 ./Drivers/STM32F4xx_HAL_Driver/Src/stm32f4xx_hal_adc.o
                0x08004b94                HAL_ADC_ConvHalfCpltCallback
 .text.HAL_ADC_ErrorCallback
                0x08004ba8       0x14 ./Drivers/STM32F4xx_HAL_Driver/Src/stm32f4xx_hal_adc.o
                0x08004ba8                HAL_ADC_ErrorCallback
 .text.HAL_ADC_ConfigChannel
                0x08004bbc      0x244 ./Drivers/STM32F4xx_HAL_Driver/Src/stm32f4xx_hal_adc.o
                0x08004bbc                HAL_ADC_ConfigChannel
 .text.ADC_Init
                0x08004e00      0x1f8 ./Drivers/STM32F4xx_HAL_Driver/Src/stm32f4xx_hal_adc.o
 .text.ADC_DMAConvCplt
                0x08004ff8       0xba ./Drivers/STM32F4xx_HAL_Driver/Src/stm32f4xx_hal_adc.o
 .text.ADC_DMAHalfConvCplt
                0x080050b2       0x1c ./Drivers/STM32F4xx_HAL_Driver/Src/stm32f4xx_hal_adc.o
 .text.ADC_DMAError
                0x080050ce       0x2e ./Drivers/STM32F4xx_HAL_Driver/Src/stm32f4xx_hal_adc.o
 .text.__NVIC_SetPriorityGrouping
                0x080050fc       0x48 ./Drivers/STM32F4xx_HAL_Driver/Src/stm32f4xx_hal_cortex.o
 .text.__NVIC_GetPriorityGrouping
                0x08005144       0x1c ./Drivers/STM32F4xx_HAL_Driver/Src/stm32f4xx_hal_cortex.o
 .text.__NVIC_EnableIRQ
                0x08005160       0x3c ./Drivers/STM32F4xx_HAL_Driver/Src/stm32f4xx_hal_cortex.o
 .text.__NVIC_SetPriority
                0x0800519c       0x54 ./Drivers/STM32F4xx_HAL_Driver/Src/stm32f4xx_hal_cortex.o
 .text.NVIC_EncodePriority
                0x080051f0       0x66 ./Drivers/STM32F4xx_HAL_Driver/Src/stm32f4xx_hal_cortex.o
 .text.HAL_NVIC_SetPriorityGrouping
                0x08005256       0x16 ./Drivers/STM32F4xx_HAL_Driver/Src/stm32f4xx_hal_cortex.o
                0x08005256                HAL_NVIC_SetPriorityGrouping
 .text.HAL_NVIC_SetPriority
                0x0800526c       0x38 ./Drivers/STM32F4xx_HAL_Driver/Src/stm32f4xx_hal_cortex.o
                0x0800526c                HAL_NVIC_SetPriority
 .text.HAL_NVIC_EnableIRQ
                0x080052a4       0x1c ./Drivers/STM32F4xx_HAL_Driver/Src/stm32f4xx_hal_cortex.o
                0x080052a4                HAL_NVIC_EnableIRQ
 .text.HAL_DMA_Init
                0x080052c0      0x15c ./Drivers/STM32F4xx_HAL_Driver/Src/stm32f4xx_hal_dma.o
                0x080052c0                HAL_DMA_Init
 .text.HAL_DMA_Start_IT
                0x0800541c       0xb0 ./Drivers/STM32F4xx_HAL_Driver/Src/stm32f4xx_hal_dma.o
                0x0800541c                HAL_DMA_Start_IT
 .text.HAL_DMA_IRQHandler
                0x080054cc      0x314 ./Drivers/STM32F4xx_HAL_Driver/Src/stm32f4xx_hal_dma.o
                0x080054cc                HAL_DMA_IRQHandler
 .text.DMA_SetConfig
                0x080057e0       0x5c ./Drivers/STM32F4xx_HAL_Driver/Src/stm32f4xx_hal_dma.o
 .text.DMA_CalcBaseAndBitshift
                0x0800583c       0x6c ./Drivers/STM32F4xx_HAL_Driver/Src/stm32f4xx_hal_dma.o
 .text.DMA_CheckFifoParam
                0x080058a8       0xf8 ./Drivers/STM32F4xx_HAL_Driver/Src/stm32f4xx_hal_dma.o
 .text.HAL_GPIO_Init
                0x080059a0      0x308 ./Drivers/STM32F4xx_HAL_Driver/Src/stm32f4xx_hal_gpio.o
                0x080059a0                HAL_GPIO_Init
 .text.HAL_GPIO_WritePin
                0x08005ca8       0x32 ./Drivers/STM32F4xx_HAL_Driver/Src/stm32f4xx_hal_gpio.o
                0x08005ca8                HAL_GPIO_WritePin
 .text.HAL_GPIO_TogglePin
                0x08005cda       0x34 ./Drivers/STM32F4xx_HAL_Driver/Src/stm32f4xx_hal_gpio.o
                0x08005cda                HAL_GPIO_TogglePin
 *fill*         0x08005d0e        0x2 
 .text.HAL_RCC_OscConfig
                0x08005d10      0x4f0 ./Drivers/STM32F4xx_HAL_Driver/Src/stm32f4xx_hal_rcc.o
                0x08005d10                HAL_RCC_OscConfig
 .text.HAL_RCC_ClockConfig
                0x08006200      0x1cc ./Drivers/STM32F4xx_HAL_Driver/Src/stm32f4xx_hal_rcc.o
                0x08006200                HAL_RCC_ClockConfig
 .text.HAL_RCC_GetSysClockFreq
                0x080063cc      0x18c ./Drivers/STM32F4xx_HAL_Driver/Src/stm32f4xx_hal_rcc.o
                0x080063cc                HAL_RCC_GetSysClockFreq
 .text.HAL_RCC_GetHCLKFreq
                0x08006558       0x18 ./Drivers/STM32F4xx_HAL_Driver/Src/stm32f4xx_hal_rcc.o
                0x08006558                HAL_RCC_GetHCLKFreq
 .text.HAL_RCC_GetPCLK1Freq
                0x08006570       0x28 ./Drivers/STM32F4xx_HAL_Driver/Src/stm32f4xx_hal_rcc.o
                0x08006570                HAL_RCC_GetPCLK1Freq
 .text.HAL_RCC_GetPCLK2Freq
                0x08006598       0x28 ./Drivers/STM32F4xx_HAL_Driver/Src/stm32f4xx_hal_rcc.o
                0x08006598                HAL_RCC_GetPCLK2Freq
 .text.HAL_RCC_GetClockConfig
                0x080065c0       0x64 ./Drivers/STM32F4xx_HAL_Driver/Src/stm32f4xx_hal_rcc.o
                0x080065c0                HAL_RCC_GetClockConfig
 .text.HAL_SPI_Init
                0x08006624      0x112 ./Drivers/STM32F4xx_HAL_Driver/Src/stm32f4xx_hal_spi.o
                0x08006624                HAL_SPI_Init
 .text.HAL_SPI_Transmit
                0x08006736      0x288 ./Drivers/STM32F4xx_HAL_Driver/Src/stm32f4xx_hal_spi.o
                0x08006736                HAL_SPI_Transmit
 .text.HAL_SPI_Receive
                0x080069be      0x232 ./Drivers/STM32F4xx_HAL_Driver/Src/stm32f4xx_hal_spi.o
                0x080069be                HAL_SPI_Receive
 .text.HAL_SPI_TransmitReceive
                0x08006bf0      0x352 ./Drivers/STM32F4xx_HAL_Driver/Src/stm32f4xx_hal_spi.o
                0x08006bf0                HAL_SPI_TransmitReceive
 *fill*         0x08006f42        0x2 
 .text.HAL_SPI_Transmit_DMA
                0x08006f44      0x164 ./Drivers/STM32F4xx_HAL_Driver/Src/stm32f4xx_hal_spi.o
                0x08006f44                HAL_SPI_Transmit_DMA
 .text.HAL_SPI_TransmitReceive_DMA
                0x080070a8      0x1f8 ./Drivers/STM32F4xx_HAL_Driver/Src/stm32f4xx_hal_spi.o
                0x080070a8                HAL_SPI_TransmitReceive_DMA
 .text.HAL_SPI_RxCpltCallback
                0x080072a0       0x14 ./Drivers/STM32F4xx_HAL_Driver/Src/stm32f4xx_hal_spi.o
                0x080072a0                HAL_SPI_RxCpltCallback
 .text.HAL_SPI_TxHalfCpltCallback
                0x080072b4       0x14 ./Drivers/STM32F4xx_HAL_Driver/Src/stm32f4xx_hal_spi.o
                0x080072b4                HAL_SPI_TxHalfCpltCallback
 .text.HAL_SPI_RxHalfCpltCallback
                0x080072c8       0x14 ./Drivers/STM32F4xx_HAL_Driver/Src/stm32f4xx_hal_spi.o
                0x080072c8                HAL_SPI_RxHalfCpltCallback
 .text.HAL_SPI_TxRxHalfCpltCallback
                0x080072dc       0x14 ./Drivers/STM32F4xx_HAL_Driver/Src/stm32f4xx_hal_spi.o
                0x080072dc                HAL_SPI_TxRxHalfCpltCallback
 .text.HAL_SPI_ErrorCallback
                0x080072f0       0x14 ./Drivers/STM32F4xx_HAL_Driver/Src/stm32f4xx_hal_spi.o
                0x080072f0                HAL_SPI_ErrorCallback
 .text.SPI_DMATransmitCplt
                0x08007304       0xa8 ./Drivers/STM32F4xx_HAL_Driver/Src/stm32f4xx_hal_spi.o
 .text.SPI_DMAReceiveCplt
                0x080073ac       0xa8 ./Drivers/STM32F4xx_HAL_Driver/Src/stm32f4xx_hal_spi.o
 .text.SPI_DMATransmitReceiveCplt
                0x08007454       0x90 ./Drivers/STM32F4xx_HAL_Driver/Src/stm32f4xx_hal_spi.o
 .text.SPI_DMAHalfTransmitCplt
                0x080074e4       0x1c ./Drivers/STM32F4xx_HAL_Driver/Src/stm32f4xx_hal_spi.o
 .text.SPI_DMAHalfReceiveCplt
                0x08007500       0x1c ./Drivers/STM32F4xx_HAL_Driver/Src/stm32f4xx_hal_spi.o
 .text.SPI_DMAHalfTransmitReceiveCplt
                0x0800751c       0x1c ./Drivers/STM32F4xx_HAL_Driver/Src/stm32f4xx_hal_spi.o
 .text.SPI_DMAError
                0x08007538       0x40 ./Drivers/STM32F4xx_HAL_Driver/Src/stm32f4xx_hal_spi.o
 .text.SPI_WaitFlagStateUntilTimeout
                0x08007578      0x110 ./Drivers/STM32F4xx_HAL_Driver/Src/stm32f4xx_hal_spi.o
 .text.SPI_EndRxTransaction
                0x08007688       0xca ./Drivers/STM32F4xx_HAL_Driver/Src/stm32f4xx_hal_spi.o
 *fill*         0x08007752        0x2 
 .text.SPI_EndRxTxTransaction
                0x08007754       0xa8 ./Drivers/STM32F4xx_HAL_Driver/Src/stm32f4xx_hal_spi.o
 .text.HAL_TIM_Base_Init
                0x080077fc       0x9e ./Drivers/STM32F4xx_HAL_Driver/Src/stm32f4xx_hal_tim.o
                0x080077fc                HAL_TIM_Base_Init
 .text.HAL_TIM_Base_MspInit
                0x0800789a       0x14 ./Drivers/STM32F4xx_HAL_Driver/Src/stm32f4xx_hal_tim.o
                0x0800789a                HAL_TIM_Base_MspInit
 *fill*         0x080078ae        0x2 
 .text.HAL_TIM_Base_Start_IT
                0x080078b0       0xc4 ./Drivers/STM32F4xx_HAL_Driver/Src/stm32f4xx_hal_tim.o
                0x080078b0                HAL_TIM_Base_Start_IT
 .text.HAL_TIM_IRQHandler
                0x08007974      0x1e0 ./Drivers/STM32F4xx_HAL_Driver/Src/stm32f4xx_hal_tim.o
                0x08007974                HAL_TIM_IRQHandler
 .text.HAL_TIM_OC_DelayElapsedCallback
                0x08007b54       0x14 ./Drivers/STM32F4xx_HAL_Driver/Src/stm32f4xx_hal_tim.o
                0x08007b54                HAL_TIM_OC_DelayElapsedCallback
 .text.HAL_TIM_IC_CaptureCallback
                0x08007b68       0x14 ./Drivers/STM32F4xx_HAL_Driver/Src/stm32f4xx_hal_tim.o
                0x08007b68                HAL_TIM_IC_CaptureCallback
 .text.HAL_TIM_PWM_PulseFinishedCallback
                0x08007b7c       0x14 ./Drivers/STM32F4xx_HAL_Driver/Src/stm32f4xx_hal_tim.o
                0x08007b7c                HAL_TIM_PWM_PulseFinishedCallback
 .text.HAL_TIM_TriggerCallback
                0x08007b90       0x14 ./Drivers/STM32F4xx_HAL_Driver/Src/stm32f4xx_hal_tim.o
                0x08007b90                HAL_TIM_TriggerCallback
 .text.TIM_Base_SetConfig
                0x08007ba4      0x10c ./Drivers/STM32F4xx_HAL_Driver/Src/stm32f4xx_hal_tim.o
                0x08007ba4                TIM_Base_SetConfig
 .text.HAL_TIMEx_CommutCallback
                0x08007cb0       0x14 ./Drivers/STM32F4xx_HAL_Driver/Src/stm32f4xx_hal_tim_ex.o
                0x08007cb0                HAL_TIMEx_CommutCallback
 .text.HAL_TIMEx_BreakCallback
                0x08007cc4       0x14 ./Drivers/STM32F4xx_HAL_Driver/Src/stm32f4xx_hal_tim_ex.o
                0x08007cc4                HAL_TIMEx_BreakCallback
 .text.HAL_UART_Init
                0x08007cd8       0xa0 ./Drivers/STM32F4xx_HAL_Driver/Src/stm32f4xx_hal_uart.o
                0x08007cd8                HAL_UART_Init
 .text.HAL_UART_Transmit
                0x08007d78      0x116 ./Drivers/STM32F4xx_HAL_Driver/Src/stm32f4xx_hal_uart.o
                0x08007d78                HAL_UART_Transmit
 .text.HAL_UART_Receive_DMA
                0x08007e8e       0x4a ./Drivers/STM32F4xx_HAL_Driver/Src/stm32f4xx_hal_uart.o
                0x08007e8e                HAL_UART_Receive_DMA
 .text.HAL_UART_RxCpltCallback
                0x08007ed8       0x14 ./Drivers/STM32F4xx_HAL_Driver/Src/stm32f4xx_hal_uart.o
                0x08007ed8                HAL_UART_RxCpltCallback
 .text.HAL_UART_RxHalfCpltCallback
                0x08007eec       0x14 ./Drivers/STM32F4xx_HAL_Driver/Src/stm32f4xx_hal_uart.o
                0x08007eec                HAL_UART_RxHalfCpltCallback
 .text.HAL_UART_ErrorCallback
                0x08007f00       0x14 ./Drivers/STM32F4xx_HAL_Driver/Src/stm32f4xx_hal_uart.o
                0x08007f00                HAL_UART_ErrorCallback
 .text.HAL_UARTEx_RxEventCallback
                0x08007f14       0x18 ./Drivers/STM32F4xx_HAL_Driver/Src/stm32f4xx_hal_uart.o
                0x08007f14                HAL_UARTEx_RxEventCallback
 .text.UART_DMAReceiveCplt
                0x08007f2c      0x12c ./Drivers/STM32F4xx_HAL_Driver/Src/stm32f4xx_hal_uart.o
 .text.UART_DMARxHalfCplt
                0x08008058       0x3c ./Drivers/STM32F4xx_HAL_Driver/Src/stm32f4xx_hal_uart.o
 .text.UART_DMAError
                0x08008094       0x94 ./Drivers/STM32F4xx_HAL_Driver/Src/stm32f4xx_hal_uart.o
 .text.UART_WaitOnFlagUntilTimeout
                0x08008128       0xb2 ./Drivers/STM32F4xx_HAL_Driver/Src/stm32f4xx_hal_uart.o
 *fill*         0x080081da        0x2 
 .text.UART_Start_Receive_DMA
                0x080081dc      0x14c ./Drivers/STM32F4xx_HAL_Driver/Src/stm32f4xx_hal_uart.o
                0x080081dc                UART_Start_Receive_DMA
 .text.UART_EndTxTransfer
                0x08008328       0x50 ./Drivers/STM32F4xx_HAL_Driver/Src/stm32f4xx_hal_uart.o
 .text.UART_EndRxTransfer
                0x08008378       0xc6 ./Drivers/STM32F4xx_HAL_Driver/Src/stm32f4xx_hal_uart.o
 *fill*         0x0800843e        0x2 
 .text.UART_SetConfig
                0x08008440      0x4e8 ./Drivers/STM32F4xx_HAL_Driver/Src/stm32f4xx_hal_uart.o
 .text.get_fattime
                0x08008928       0x10 ./FATFS/App/fatfs.o
                0x08008928                get_fattime
 .text.disk_status
                0x08008938       0x34 ./Middlewares/Third_Party/FatFs/src/diskio.o
                0x08008938                disk_status
 .text.disk_initialize
                0x0800896c       0x50 ./Middlewares/Third_Party/FatFs/src/diskio.o
                0x0800896c                disk_initialize
 .text.disk_read
                0x080089bc       0x40 ./Middlewares/Third_Party/FatFs/src/diskio.o
                0x080089bc                disk_read
 .text.disk_write
                0x080089fc       0x40 ./Middlewares/Third_Party/FatFs/src/diskio.o
                0x080089fc                disk_write
 .text.disk_ioctl
                0x08008a3c       0x3c ./Middlewares/Third_Party/FatFs/src/diskio.o
                0x08008a3c                disk_ioctl
 .text.ld_word  0x08008a78       0x32 ./Middlewares/Third_Party/FatFs/src/ff.o
 .text.ld_dword
                0x08008aaa       0x46 ./Middlewares/Third_Party/FatFs/src/ff.o
 .text.st_word  0x08008af0       0x36 ./Middlewares/Third_Party/FatFs/src/ff.o
 .text.st_dword
                0x08008b26       0x58 ./Middlewares/Third_Party/FatFs/src/ff.o
 .text.mem_cpy  0x08008b7e       0x42 ./Middlewares/Third_Party/FatFs/src/ff.o
 .text.mem_set  0x08008bc0       0x36 ./Middlewares/Third_Party/FatFs/src/ff.o
 .text.mem_cmp  0x08008bf6       0x4e ./Middlewares/Third_Party/FatFs/src/ff.o
 .text.chk_chr  0x08008c44       0x36 ./Middlewares/Third_Party/FatFs/src/ff.o
 .text.lock_fs  0x08008c7a       0x2c ./Middlewares/Third_Party/FatFs/src/ff.o
 .text.unlock_fs
                0x08008ca6       0x36 ./Middlewares/Third_Party/FatFs/src/ff.o
 .text.chk_lock
                0x08008cdc       0xb8 ./Middlewares/Third_Party/FatFs/src/ff.o
 .text.enq_lock
                0x08008d94       0x44 ./Middlewares/Third_Party/FatFs/src/ff.o
 .text.inc_lock
                0x08008dd8      0x11c ./Middlewares/Third_Party/FatFs/src/ff.o
 .text.dec_lock
                0x08008ef4       0x78 ./Middlewares/Third_Party/FatFs/src/ff.o
 .text.clear_lock
                0x08008f6c       0x48 ./Middlewares/Third_Party/FatFs/src/ff.o
 .text.sync_window
                0x08008fb4       0x88 ./Middlewares/Third_Party/FatFs/src/ff.o
 .text.move_window
                0x0800903c       0x5a ./Middlewares/Third_Party/FatFs/src/ff.o
 *fill*         0x08009096        0x2 
 .text.sync_fs  0x08009098       0xdc ./Middlewares/Third_Party/FatFs/src/ff.o
 .text.clust2sect
                0x08009174       0x3e ./Middlewares/Third_Party/FatFs/src/ff.o
 .text.get_fat  0x080091b2      0x14e ./Middlewares/Third_Party/FatFs/src/ff.o
 .text.put_fat  0x08009300      0x1d4 ./Middlewares/Third_Party/FatFs/src/ff.o
 .text.remove_chain
                0x080094d4       0xca ./Middlewares/Third_Party/FatFs/src/ff.o
 .text.create_chain
                0x0800959e      0x130 ./Middlewares/Third_Party/FatFs/src/ff.o
 .text.clmt_clust
                0x080096ce       0x68 ./Middlewares/Third_Party/FatFs/src/ff.o
 .text.dir_sdi  0x08009736       0xf6 ./Middlewares/Third_Party/FatFs/src/ff.o
 .text.dir_next
                0x0800982c      0x18a ./Middlewares/Third_Party/FatFs/src/ff.o
 .text.dir_alloc
                0x080099b6       0x8e ./Middlewares/Third_Party/FatFs/src/ff.o
 .text.ld_clust
                0x08009a44       0x3e ./Middlewares/Third_Party/FatFs/src/ff.o
 .text.st_clust
                0x08009a82       0x40 ./Middlewares/Third_Party/FatFs/src/ff.o
 *fill*         0x08009ac2        0x2 
 .text.cmp_lfn  0x08009ac4       0xe0 ./Middlewares/Third_Party/FatFs/src/ff.o
 .text.put_lfn  0x08009ba4       0xd0 ./Middlewares/Third_Party/FatFs/src/ff.o
 .text.gen_numname
                0x08009c74      0x11c ./Middlewares/Third_Party/FatFs/src/ff.o
 .text.sum_sfn  0x08009d90       0x42 ./Middlewares/Third_Party/FatFs/src/ff.o
 .text.dir_find
                0x08009dd2      0x180 ./Middlewares/Third_Party/FatFs/src/ff.o
 *fill*         0x08009f52        0x2 
 .text.dir_register
                0x08009f54      0x1f0 ./Middlewares/Third_Party/FatFs/src/ff.o
 .text.create_name
                0x0800a144      0x370 ./Middlewares/Third_Party/FatFs/src/ff.o
 .text.follow_path
                0x0800a4b4       0xe2 ./Middlewares/Third_Party/FatFs/src/ff.o
 .text.get_ldnumber
                0x0800a596       0x88 ./Middlewares/Third_Party/FatFs/src/ff.o
 *fill*         0x0800a61e        0x2 
 .text.check_fs
                0x0800a620       0xac ./Middlewares/Third_Party/FatFs/src/ff.o
 .text.find_volume
                0x0800a6cc      0x4a8 ./Middlewares/Third_Party/FatFs/src/ff.o
 .text.validate
                0x0800ab74       0x8e ./Middlewares/Third_Party/FatFs/src/ff.o
 *fill*         0x0800ac02        0x2 
 .text.f_mount  0x0800ac04       0xc8 ./Middlewares/Third_Party/FatFs/src/ff.o
                0x0800ac04                f_mount
 .text.f_open   0x0800accc      0x3ac ./Middlewares/Third_Party/FatFs/src/ff.o
                0x0800accc                f_open
 .text.f_write  0x0800b078      0x348 ./Middlewares/Third_Party/FatFs/src/ff.o
                0x0800b078                f_write
 .text.f_sync   0x0800b3c0      0x112 ./Middlewares/Third_Party/FatFs/src/ff.o
                0x0800b3c0                f_sync
 .text.f_close  0x0800b4d2       0x5e ./Middlewares/Third_Party/FatFs/src/ff.o
                0x0800b4d2                f_close
 .text.f_lseek  0x0800b530      0x4a6 ./Middlewares/Third_Party/FatFs/src/ff.o
                0x0800b530                f_lseek
 *fill*         0x0800b9d6        0x2 
 .text.FATFS_LinkDriverEx
                0x0800b9d8       0x98 ./Middlewares/Third_Party/FatFs/src/ff_gen_drv.o
                0x0800b9d8                FATFS_LinkDriverEx
 .text.FATFS_LinkDriver
                0x0800ba70       0x1e ./Middlewares/Third_Party/FatFs/src/ff_gen_drv.o
                0x0800ba70                FATFS_LinkDriver
 *fill*         0x0800ba8e        0x2 
 .text.FATFS_UnLinkDriverEx
                0x0800ba90       0x70 ./Middlewares/Third_Party/FatFs/src/ff_gen_drv.o
                0x0800ba90                FATFS_UnLinkDriverEx
 .text.FATFS_UnLinkDriver
                0x0800bb00       0x1a ./Middlewares/Third_Party/FatFs/src/ff_gen_drv.o
                0x0800bb00                FATFS_UnLinkDriver
 *fill*         0x0800bb1a        0x2 
 .text.ff_convert
                0x0800bb1c       0x78 ./Middlewares/Third_Party/FatFs/src/option/ccsbcs.o
                0x0800bb1c                ff_convert
 .text.ff_wtoupper
                0x0800bb94      0x114 ./Middlewares/Third_Party/FatFs/src/option/ccsbcs.o
                0x0800bb94                ff_wtoupper
 .text.ff_cre_syncobj
                0x0800bca8       0x36 ./Middlewares/Third_Party/FatFs/src/option/syscall.o
                0x0800bca8                ff_cre_syncobj
 .text.ff_del_syncobj
                0x0800bcde       0x18 ./Middlewares/Third_Party/FatFs/src/option/syscall.o
                0x0800bcde                ff_del_syncobj
 .text.ff_req_grant
                0x0800bcf6       0x2a ./Middlewares/Third_Party/FatFs/src/option/syscall.o
                0x0800bcf6                ff_req_grant
 .text.ff_rel_grant
                0x0800bd20       0x16 ./Middlewares/Third_Party/FatFs/src/option/syscall.o
                0x0800bd20                ff_rel_grant
 .text.ff_memalloc
                0x0800bd36       0x18 ./Middlewares/Third_Party/FatFs/src/option/syscall.o
                0x0800bd36                ff_memalloc
 .text.ff_memfree
                0x0800bd4e       0x16 ./Middlewares/Third_Party/FatFs/src/option/syscall.o
                0x0800bd4e                ff_memfree
 .text.__NVIC_SetPriority
                0x0800bd64       0x54 ./Middlewares/Third_Party/FreeRTOS/Source/CMSIS_RTOS_V2/cmsis_os2.o
 .text.SysTick_Handler
                0x0800bdb8       0x20 ./Middlewares/Third_Party/FreeRTOS/Source/CMSIS_RTOS_V2/cmsis_os2.o
                0x0800bdb8                SysTick_Handler
 .text.SVC_Setup
                0x0800bdd8       0x12 ./Middlewares/Third_Party/FreeRTOS/Source/CMSIS_RTOS_V2/cmsis_os2.o
 *fill*         0x0800bdea        0x2 
 .text.osKernelInitialize
                0x0800bdec       0x48 ./Middlewares/Third_Party/FreeRTOS/Source/CMSIS_RTOS_V2/cmsis_os2.o
                0x0800bdec                osKernelInitialize
 .text.osKernelStart
                0x0800be34       0x4c ./Middlewares/Third_Party/FreeRTOS/Source/CMSIS_RTOS_V2/cmsis_os2.o
                0x0800be34                osKernelStart
 .text.osThreadNew
                0x0800be80      0x124 ./Middlewares/Third_Party/FreeRTOS/Source/CMSIS_RTOS_V2/cmsis_os2.o
                0x0800be80                osThreadNew
 .text.osDelay  0x0800bfa4       0x36 ./Middlewares/Third_Party/FreeRTOS/Source/CMSIS_RTOS_V2/cmsis_os2.o
                0x0800bfa4                osDelay
 .text.osMutexNew
                0x0800bfda      0x10c ./Middlewares/Third_Party/FreeRTOS/Source/CMSIS_RTOS_V2/cmsis_os2.o
                0x0800bfda                osMutexNew
 .text.osMutexAcquire
                0x0800c0e6       0x96 ./Middlewares/Third_Party/FreeRTOS/Source/CMSIS_RTOS_V2/cmsis_os2.o
                0x0800c0e6                osMutexAcquire
 .text.osMutexRelease
                0x0800c17c       0x7a ./Middlewares/Third_Party/FreeRTOS/Source/CMSIS_RTOS_V2/cmsis_os2.o
                0x0800c17c                osMutexRelease
 .text.osSemaphoreNew
                0x0800c1f6      0x112 ./Middlewares/Third_Party/FreeRTOS/Source/CMSIS_RTOS_V2/cmsis_os2.o
                0x0800c1f6                osSemaphoreNew
 .text.osSemaphoreAcquire
                0x0800c308       0xa4 ./Middlewares/Third_Party/FreeRTOS/Source/CMSIS_RTOS_V2/cmsis_os2.o
                0x0800c308                osSemaphoreAcquire
 .text.osSemaphoreRelease
                0x0800c3ac       0x88 ./Middlewares/Third_Party/FreeRTOS/Source/CMSIS_RTOS_V2/cmsis_os2.o
                0x0800c3ac                osSemaphoreRelease
 .text.osSemaphoreDelete
                0x0800c434       0x48 ./Middlewares/Third_Party/FreeRTOS/Source/CMSIS_RTOS_V2/cmsis_os2.o
                0x0800c434                osSemaphoreDelete
 .text.vApplicationGetIdleTaskMemory
                0x0800c47c       0x34 ./Middlewares/Third_Party/FreeRTOS/Source/CMSIS_RTOS_V2/cmsis_os2.o
                0x0800c47c                vApplicationGetIdleTaskMemory
 .text.vApplicationGetTimerTaskMemory
                0x0800c4b0       0x34 ./Middlewares/Third_Party/FreeRTOS/Source/CMSIS_RTOS_V2/cmsis_os2.o
                0x0800c4b0                vApplicationGetTimerTaskMemory
 .text.vListInitialise
                0x0800c4e4       0x40 ./Middlewares/Third_Party/FreeRTOS/Source/list.o
                0x0800c4e4                vListInitialise
 .text.vListInitialiseItem
                0x0800c524       0x1a ./Middlewares/Third_Party/FreeRTOS/Source/list.o
                0x0800c524                vListInitialiseItem
 .text.vListInsertEnd
                0x0800c53e       0x48 ./Middlewares/Third_Party/FreeRTOS/Source/list.o
                0x0800c53e                vListInsertEnd
 .text.vListInsert
                0x0800c586       0x72 ./Middlewares/Third_Party/FreeRTOS/Source/list.o
                0x0800c586                vListInsert
 .text.uxListRemove
                0x0800c5f8       0x54 ./Middlewares/Third_Party/FreeRTOS/Source/list.o
                0x0800c5f8                uxListRemove
 .text.xQueueGenericReset
                0x0800c64c       0xd4 ./Middlewares/Third_Party/FreeRTOS/Source/queue.o
                0x0800c64c                xQueueGenericReset
 .text.xQueueGenericCreateStatic
                0x0800c720       0xfa ./Middlewares/Third_Party/FreeRTOS/Source/queue.o
                0x0800c720                xQueueGenericCreateStatic
 .text.xQueueGenericCreate
                0x0800c81a       0x76 ./Middlewares/Third_Party/FreeRTOS/Source/queue.o
                0x0800c81a                xQueueGenericCreate
 .text.prvInitialiseNewQueue
                0x0800c890       0x46 ./Middlewares/Third_Party/FreeRTOS/Source/queue.o
 .text.prvInitialiseMutex
                0x0800c8d6       0x34 ./Middlewares/Third_Party/FreeRTOS/Source/queue.o
 .text.xQueueCreateMutex
                0x0800c90a       0x30 ./Middlewares/Third_Party/FreeRTOS/Source/queue.o
                0x0800c90a                xQueueCreateMutex
 .text.xQueueCreateMutexStatic
                0x0800c93a       0x36 ./Middlewares/Third_Party/FreeRTOS/Source/queue.o
                0x0800c93a                xQueueCreateMutexStatic
 .text.xQueueGiveMutexRecursive
                0x0800c970       0x6a ./Middlewares/Third_Party/FreeRTOS/Source/queue.o
                0x0800c970                xQueueGiveMutexRecursive
 .text.xQueueTakeMutexRecursive
                0x0800c9da       0x6e ./Middlewares/Third_Party/FreeRTOS/Source/queue.o
                0x0800c9da                xQueueTakeMutexRecursive
 .text.xQueueCreateCountingSemaphoreStatic
                0x0800ca48       0x72 ./Middlewares/Third_Party/FreeRTOS/Source/queue.o
                0x0800ca48                xQueueCreateCountingSemaphoreStatic
 .text.xQueueCreateCountingSemaphore
                0x0800caba       0x6a ./Middlewares/Third_Party/FreeRTOS/Source/queue.o
                0x0800caba                xQueueCreateCountingSemaphore
 .text.xQueueGenericSend
                0x0800cb24      0x204 ./Middlewares/Third_Party/FreeRTOS/Source/queue.o
                0x0800cb24                xQueueGenericSend
 .text.xQueueGenericSendFromISR
                0x0800cd28      0x13c ./Middlewares/Third_Party/FreeRTOS/Source/queue.o
                0x0800cd28                xQueueGenericSendFromISR
 .text.xQueueGiveFromISR
                0x0800ce64      0x120 ./Middlewares/Third_Party/FreeRTOS/Source/queue.o
                0x0800ce64                xQueueGiveFromISR
 .text.xQueueReceive
                0x0800cf84      0x1c4 ./Middlewares/Third_Party/FreeRTOS/Source/queue.o
                0x0800cf84                xQueueReceive
 .text.xQueueSemaphoreTake
                0x0800d148      0x220 ./Middlewares/Third_Party/FreeRTOS/Source/queue.o
                0x0800d148                xQueueSemaphoreTake
 .text.xQueueReceiveFromISR
                0x0800d368      0x104 ./Middlewares/Third_Party/FreeRTOS/Source/queue.o
                0x0800d368                xQueueReceiveFromISR
 .text.vQueueDelete
                0x0800d46c       0x48 ./Middlewares/Third_Party/FreeRTOS/Source/queue.o
                0x0800d46c                vQueueDelete
 .text.prvGetDisinheritPriorityAfterTimeout
                0x0800d4b4       0x30 ./Middlewares/Third_Party/FreeRTOS/Source/queue.o
 .text.prvCopyDataToQueue
                0x0800d4e4       0xd4 ./Middlewares/Third_Party/FreeRTOS/Source/queue.o
 .text.prvCopyDataFromQueue
                0x0800d5b8       0x4c ./Middlewares/Third_Party/FreeRTOS/Source/queue.o
 .text.prvUnlockQueue
                0x0800d604       0xa4 ./Middlewares/Third_Party/FreeRTOS/Source/queue.o
 .text.prvIsQueueEmpty
                0x0800d6a8       0x2c ./Middlewares/Third_Party/FreeRTOS/Source/queue.o
 .text.prvIsQueueFull
                0x0800d6d4       0x30 ./Middlewares/Third_Party/FreeRTOS/Source/queue.o
 .text.vQueueAddToRegistry
                0x0800d704       0x54 ./Middlewares/Third_Party/FreeRTOS/Source/queue.o
                0x0800d704                vQueueAddToRegistry
 .text.vQueueUnregisterQueue
                0x0800d758       0x54 ./Middlewares/Third_Party/FreeRTOS/Source/queue.o
                0x0800d758                vQueueUnregisterQueue
 .text.vQueueWaitForMessageRestricted
                0x0800d7ac       0x68 ./Middlewares/Third_Party/FreeRTOS/Source/queue.o
                0x0800d7ac                vQueueWaitForMessageRestricted
 .text.xTaskCreateStatic
                0x0800d814       0xc0 ./Middlewares/Third_Party/FreeRTOS/Source/tasks.o
                0x0800d814                xTaskCreateStatic
 .text.xTaskCreate
                0x0800d8d4       0x8a ./Middlewares/Third_Party/FreeRTOS/Source/tasks.o
                0x0800d8d4                xTaskCreate
 .text.prvInitialiseNewTask
                0x0800d95e      0x120 ./Middlewares/Third_Party/FreeRTOS/Source/tasks.o
 *fill*         0x0800da7e        0x2 
 .text.prvAddNewTaskToReadyList
                0x0800da80       0xe0 ./Middlewares/Third_Party/FreeRTOS/Source/tasks.o
 .text.vTaskDelay
                0x0800db60       0x6c ./Middlewares/Third_Party/FreeRTOS/Source/tasks.o
                0x0800db60                vTaskDelay
 .text.vTaskStartScheduler
                0x0800dbcc       0xd0 ./Middlewares/Third_Party/FreeRTOS/Source/tasks.o
                0x0800dbcc                vTaskStartScheduler
 .text.vTaskSuspendAll
                0x0800dc9c       0x1c ./Middlewares/Third_Party/FreeRTOS/Source/tasks.o
                0x0800dc9c                vTaskSuspendAll
 .text.xTaskResumeAll
                0x0800dcb8      0x13c ./Middlewares/Third_Party/FreeRTOS/Source/tasks.o
                0x0800dcb8                xTaskResumeAll
 .text.xTaskGetTickCount
                0x0800ddf4       0x20 ./Middlewares/Third_Party/FreeRTOS/Source/tasks.o
                0x0800ddf4                xTaskGetTickCount
 .text.xTaskIncrementTick
                0x0800de14      0x174 ./Middlewares/Third_Party/FreeRTOS/Source/tasks.o
                0x0800de14                xTaskIncrementTick
 .text.vTaskSwitchContext
                0x0800df88       0xbc ./Middlewares/Third_Party/FreeRTOS/Source/tasks.o
                0x0800df88                vTaskSwitchContext
 .text.vTaskPlaceOnEventList
                0x0800e044       0x4c ./Middlewares/Third_Party/FreeRTOS/Source/tasks.o
                0x0800e044                vTaskPlaceOnEventList
 .text.vTaskPlaceOnEventListRestricted
                0x0800e090       0x58 ./Middlewares/Third_Party/FreeRTOS/Source/tasks.o
                0x0800e090                vTaskPlaceOnEventListRestricted
 .text.xTaskRemoveFromEventList
                0x0800e0e8       0xc8 ./Middlewares/Third_Party/FreeRTOS/Source/tasks.o
                0x0800e0e8                xTaskRemoveFromEventList
 .text.vTaskInternalSetTimeOutState
                0x0800e1b0       0x2c ./Middlewares/Third_Party/FreeRTOS/Source/tasks.o
                0x0800e1b0                vTaskInternalSetTimeOutState
 .text.xTaskCheckForTimeOut
                0x0800e1dc       0xc8 ./Middlewares/Third_Party/FreeRTOS/Source/tasks.o
                0x0800e1dc                xTaskCheckForTimeOut
 .text.vTaskMissedYield
                0x0800e2a4       0x18 ./Middlewares/Third_Party/FreeRTOS/Source/tasks.o
                0x0800e2a4                vTaskMissedYield
 .text.prvIdleTask
                0x0800e2bc       0x30 ./Middlewares/Third_Party/FreeRTOS/Source/tasks.o
 .text.prvInitialiseTaskLists
                0x0800e2ec       0x80 ./Middlewares/Third_Party/FreeRTOS/Source/tasks.o
 .text.prvCheckTasksWaitingTermination
                0x0800e36c       0x5c ./Middlewares/Third_Party/FreeRTOS/Source/tasks.o
 .text.prvDeleteTCB
                0x0800e3c8       0x60 ./Middlewares/Third_Party/FreeRTOS/Source/tasks.o
 .text.prvResetNextTaskUnblockTime
                0x0800e428       0x40 ./Middlewares/Third_Party/FreeRTOS/Source/tasks.o
 .text.xTaskGetCurrentTaskHandle
                0x0800e468       0x20 ./Middlewares/Third_Party/FreeRTOS/Source/tasks.o
                0x0800e468                xTaskGetCurrentTaskHandle
 .text.xTaskGetSchedulerState
                0x0800e488       0x3c ./Middlewares/Third_Party/FreeRTOS/Source/tasks.o
                0x0800e488                xTaskGetSchedulerState
 .text.xTaskPriorityInherit
                0x0800e4c4       0xd0 ./Middlewares/Third_Party/FreeRTOS/Source/tasks.o
                0x0800e4c4                xTaskPriorityInherit
 .text.xTaskPriorityDisinherit
                0x0800e594       0xe0 ./Middlewares/Third_Party/FreeRTOS/Source/tasks.o
                0x0800e594                xTaskPriorityDisinherit
 .text.vTaskPriorityDisinheritAfterTimeout
                0x0800e674      0x108 ./Middlewares/Third_Party/FreeRTOS/Source/tasks.o
                0x0800e674                vTaskPriorityDisinheritAfterTimeout
 .text.pvTaskIncrementMutexHeldCount
                0x0800e77c       0x28 ./Middlewares/Third_Party/FreeRTOS/Source/tasks.o
                0x0800e77c                pvTaskIncrementMutexHeldCount
 .text.prvAddCurrentTaskToDelayedList
                0x0800e7a4       0xa8 ./Middlewares/Third_Party/FreeRTOS/Source/tasks.o
 .text.xTimerCreateTimerTask
                0x0800e84c       0x94 ./Middlewares/Third_Party/FreeRTOS/Source/timers.o
                0x0800e84c                xTimerCreateTimerTask
 .text.xTimerGenericCommand
                0x0800e8e0       0x9c ./Middlewares/Third_Party/FreeRTOS/Source/timers.o
                0x0800e8e0                xTimerGenericCommand
 .text.prvProcessExpiredTimer
                0x0800e97c       0x9c ./Middlewares/Third_Party/FreeRTOS/Source/timers.o
 .text.prvTimerTask
                0x0800ea18       0x26 ./Middlewares/Third_Party/FreeRTOS/Source/timers.o
 *fill*         0x0800ea3e        0x2 
 .text.prvProcessTimerOrBlockTask
                0x0800ea40       0x9c ./Middlewares/Third_Party/FreeRTOS/Source/timers.o
 .text.prvGetNextExpireTime
                0x0800eadc       0x48 ./Middlewares/Third_Party/FreeRTOS/Source/timers.o
 .text.prvSampleTimeNow
                0x0800eb24       0x40 ./Middlewares/Third_Party/FreeRTOS/Source/timers.o
 .text.prvInsertTimerInActiveList
                0x0800eb64       0x84 ./Middlewares/Third_Party/FreeRTOS/Source/timers.o
 .text.prvProcessReceivedCommands
                0x0800ebe8      0x1cc ./Middlewares/Third_Party/FreeRTOS/Source/timers.o
 .text.prvSwitchTimerLists
                0x0800edb4       0xcc ./Middlewares/Third_Party/FreeRTOS/Source/timers.o
 .text.prvCheckForValidListAndQueue
                0x0800ee80       0x80 ./Middlewares/Third_Party/FreeRTOS/Source/timers.o
 .text.pxPortInitialiseStack
                0x0800ef00       0x68 ./Middlewares/Third_Party/FreeRTOS/Source/portable/GCC/ARM_CM4F/port.o
                0x0800ef00                pxPortInitialiseStack
 .text.prvTaskExitError
                0x0800ef68       0x5c ./Middlewares/Third_Party/FreeRTOS/Source/portable/GCC/ARM_CM4F/port.o
 *fill*         0x0800efc4        0xc 
 .text.SVC_Handler
                0x0800efd0       0x28 ./Middlewares/Third_Party/FreeRTOS/Source/portable/GCC/ARM_CM4F/port.o
                0x0800efd0                SVC_Handler
 .text.prvPortStartFirstTask
                0x0800eff8       0x28 ./Middlewares/Third_Party/FreeRTOS/Source/portable/GCC/ARM_CM4F/port.o
 .text.xPortStartScheduler
                0x0800f020      0x148 ./Middlewares/Third_Party/FreeRTOS/Source/portable/GCC/ARM_CM4F/port.o
                0x0800f020                xPortStartScheduler
 .text.vPortEnterCritical
                0x0800f168       0x64 ./Middlewares/Third_Party/FreeRTOS/Source/portable/GCC/ARM_CM4F/port.o
                0x0800f168                vPortEnterCritical
 .text.vPortExitCritical
                0x0800f1cc       0x54 ./Middlewares/Third_Party/FreeRTOS/Source/portable/GCC/ARM_CM4F/port.o
                0x0800f1cc                vPortExitCritical
 .text.PendSV_Handler
                0x0800f220       0x68 ./Middlewares/Third_Party/FreeRTOS/Source/portable/GCC/ARM_CM4F/port.o
                0x0800f220                PendSV_Handler
 .text.xPortSysTickHandler
                0x0800f288       0x44 ./Middlewares/Third_Party/FreeRTOS/Source/portable/GCC/ARM_CM4F/port.o
                0x0800f288                xPortSysTickHandler
 .text.vPortSetupTimerInterrupt
                0x0800f2cc       0x48 ./Middlewares/Third_Party/FreeRTOS/Source/portable/GCC/ARM_CM4F/port.o
                0x0800f2cc                vPortSetupTimerInterrupt
 .text.vPortEnableVFP
                0x0800f314       0x14 ./Middlewares/Third_Party/FreeRTOS/Source/portable/GCC/ARM_CM4F/port.o
 .text.vPortValidateInterruptPriority
                0x0800f328       0x84 ./Middlewares/Third_Party/FreeRTOS/Source/portable/GCC/ARM_CM4F/port.o
                0x0800f328                vPortValidateInterruptPriority
 .text.pvPortMalloc
                0x0800f3ac      0x19c ./Middlewares/Third_Party/FreeRTOS/Source/portable/MemMang/heap_4.o
                0x0800f3ac                pvPortMalloc
 .text.vPortFree
                0x0800f548       0xc8 ./Middlewares/Third_Party/FreeRTOS/Source/portable/MemMang/heap_4.o
                0x0800f548                vPortFree
 .text.prvHeapInit
                0x0800f610       0xc4 ./Middlewares/Third_Party/FreeRTOS/Source/portable/MemMang/heap_4.o
 .text.prvInsertBlockIntoFreeList
                0x0800f6d4       0xb4 ./Middlewares/Third_Party/FreeRTOS/Source/portable/MemMang/heap_4.o
 .text.__cvt    0x0800f788       0xca C:/ST/STM32CubeIDE_1.19.0/STM32CubeIDE/plugins/com.st.stm32cube.ide.mcu.externaltools.gnu-tools-for-stm32.13.3.rel1.win32_1.0.0.202411081344/tools/bin/../lib/gcc/arm-none-eabi/13.3.1/../../../../arm-none-eabi/lib/thumb/v7e-m+fp/hard\libc_nano.a(libc_a-nano-vfprintf_float.o)
                0x0800f788                __cvt
 .text.__exponent
                0x0800f852       0x74 C:/ST/STM32CubeIDE_1.19.0/STM32CubeIDE/plugins/com.st.stm32cube.ide.mcu.externaltools.gnu-tools-for-stm32.13.3.rel1.win32_1.0.0.202411081344/tools/bin/../lib/gcc/arm-none-eabi/13.3.1/../../../../arm-none-eabi/lib/thumb/v7e-m+fp/hard\libc_nano.a(libc_a-nano-vfprintf_float.o)
                0x0800f852                __exponent
 *fill*         0x0800f8c6        0x2 
 .text._printf_float
                0x0800f8c8      0x454 C:/ST/STM32CubeIDE_1.19.0/STM32CubeIDE/plugins/com.st.stm32cube.ide.mcu.externaltools.gnu-tools-for-stm32.13.3.rel1.win32_1.0.0.202411081344/tools/bin/../lib/gcc/arm-none-eabi/13.3.1/../../../../arm-none-eabi/lib/thumb/v7e-m+fp/hard\libc_nano.a(libc_a-nano-vfprintf_float.o)
                0x0800f8c8                _printf_float
 .text._printf_common
                0x0800fd1c       0xda C:/ST/STM32CubeIDE_1.19.0/STM32CubeIDE/plugins/com.st.stm32cube.ide.mcu.externaltools.gnu-tools-for-stm32.13.3.rel1.win32_1.0.0.202411081344/tools/bin/../lib/gcc/arm-none-eabi/13.3.1/../../../../arm-none-eabi/lib/thumb/v7e-m+fp/hard\libc_nano.a(libc_a-nano-vfprintf_i.o)
                0x0800fd1c                _printf_common
 *fill*         0x0800fdf6        0x2 
 .text._printf_i
                0x0800fdf8      0x23c C:/ST/STM32CubeIDE_1.19.0/STM32CubeIDE/plugins/com.st.stm32cube.ide.mcu.externaltools.gnu-tools-for-stm32.13.3.rel1.win32_1.0.0.202411081344/tools/bin/../lib/gcc/arm-none-eabi/13.3.1/../../../../arm-none-eabi/lib/thumb/v7e-m+fp/hard\libc_nano.a(libc_a-nano-vfprintf_i.o)
                0x0800fdf8                _printf_i
 .text.std      0x08010034       0x6c C:/ST/STM32CubeIDE_1.19.0/STM32CubeIDE/plugins/com.st.stm32cube.ide.mcu.externaltools.gnu-tools-for-stm32.13.3.rel1.win32_1.0.0.202411081344/tools/bin/../lib/gcc/arm-none-eabi/13.3.1/../../../../arm-none-eabi/lib/thumb/v7e-m+fp/hard\libc_nano.a(libc_a-findfp.o)
 .text.stdio_exit_handler
                0x080100a0       0x18 C:/ST/STM32CubeIDE_1.19.0/STM32CubeIDE/plugins/com.st.stm32cube.ide.mcu.externaltools.gnu-tools-for-stm32.13.3.rel1.win32_1.0.0.202411081344/tools/bin/../lib/gcc/arm-none-eabi/13.3.1/../../../../arm-none-eabi/lib/thumb/v7e-m+fp/hard\libc_nano.a(libc_a-findfp.o)
 .text.cleanup_stdio
                0x080100b8       0x40 C:/ST/STM32CubeIDE_1.19.0/STM32CubeIDE/plugins/com.st.stm32cube.ide.mcu.externaltools.gnu-tools-for-stm32.13.3.rel1.win32_1.0.0.202411081344/tools/bin/../lib/gcc/arm-none-eabi/13.3.1/../../../../arm-none-eabi/lib/thumb/v7e-m+fp/hard\libc_nano.a(libc_a-findfp.o)
 .text.global_stdio_init.part.0
                0x080100f8       0x3c C:/ST/STM32CubeIDE_1.19.0/STM32CubeIDE/plugins/com.st.stm32cube.ide.mcu.externaltools.gnu-tools-for-stm32.13.3.rel1.win32_1.0.0.202411081344/tools/bin/../lib/gcc/arm-none-eabi/13.3.1/../../../../arm-none-eabi/lib/thumb/v7e-m+fp/hard\libc_nano.a(libc_a-findfp.o)
 .text.__sfp_lock_acquire
                0x08010134        0xc C:/ST/STM32CubeIDE_1.19.0/STM32CubeIDE/plugins/com.st.stm32cube.ide.mcu.externaltools.gnu-tools-for-stm32.13.3.rel1.win32_1.0.0.202411081344/tools/bin/../lib/gcc/arm-none-eabi/13.3.1/../../../../arm-none-eabi/lib/thumb/v7e-m+fp/hard\libc_nano.a(libc_a-findfp.o)
                0x08010134                __sfp_lock_acquire
 .text.__sfp_lock_release
                0x08010140        0xc C:/ST/STM32CubeIDE_1.19.0/STM32CubeIDE/plugins/com.st.stm32cube.ide.mcu.externaltools.gnu-tools-for-stm32.13.3.rel1.win32_1.0.0.202411081344/tools/bin/../lib/gcc/arm-none-eabi/13.3.1/../../../../arm-none-eabi/lib/thumb/v7e-m+fp/hard\libc_nano.a(libc_a-findfp.o)
                0x08010140                __sfp_lock_release
 .text.__sinit  0x0801014c       0x30 C:/ST/STM32CubeIDE_1.19.0/STM32CubeIDE/plugins/com.st.stm32cube.ide.mcu.externaltools.gnu-tools-for-stm32.13.3.rel1.win32_1.0.0.202411081344/tools/bin/../lib/gcc/arm-none-eabi/13.3.1/../../../../arm-none-eabi/lib/thumb/v7e-m+fp/hard\libc_nano.a(libc_a-findfp.o)
                0x0801014c                __sinit
 .text._fwalk_sglue
                0x0801017c       0x3c C:/ST/STM32CubeIDE_1.19.0/STM32CubeIDE/plugins/com.st.stm32cube.ide.mcu.externaltools.gnu-tools-for-stm32.13.3.rel1.win32_1.0.0.202411081344/tools/bin/../lib/gcc/arm-none-eabi/13.3.1/../../../../arm-none-eabi/lib/thumb/v7e-m+fp/hard\libc_nano.a(libc_a-fwalk.o)
                0x0801017c                _fwalk_sglue
 .text.printf   0x080101b8       0x24 C:/ST/STM32CubeIDE_1.19.0/STM32CubeIDE/plugins/com.st.stm32cube.ide.mcu.externaltools.gnu-tools-for-stm32.13.3.rel1.win32_1.0.0.202411081344/tools/bin/../lib/gcc/arm-none-eabi/13.3.1/../../../../arm-none-eabi/lib/thumb/v7e-m+fp/hard\libc_nano.a(libc_a-printf.o)
                0x080101b8                iprintf
                0x080101b8                printf
 .text.snprintf
                0x080101dc       0x6c C:/ST/STM32CubeIDE_1.19.0/STM32CubeIDE/plugins/com.st.stm32cube.ide.mcu.externaltools.gnu-tools-for-stm32.13.3.rel1.win32_1.0.0.202411081344/tools/bin/../lib/gcc/arm-none-eabi/13.3.1/../../../../arm-none-eabi/lib/thumb/v7e-m+fp/hard\libc_nano.a(libc_a-snprintf.o)
                0x080101dc                sniprintf
                0x080101dc                snprintf
 .text.__sread  0x08010248       0x22 C:/ST/STM32CubeIDE_1.19.0/STM32CubeIDE/plugins/com.st.stm32cube.ide.mcu.externaltools.gnu-tools-for-stm32.13.3.rel1.win32_1.0.0.202411081344/tools/bin/../lib/gcc/arm-none-eabi/13.3.1/../../../../arm-none-eabi/lib/thumb/v7e-m+fp/hard\libc_nano.a(libc_a-stdio.o)
                0x08010248                __sread
 .text.__swrite
                0x0801026a       0x38 C:/ST/STM32CubeIDE_1.19.0/STM32CubeIDE/plugins/com.st.stm32cube.ide.mcu.externaltools.gnu-tools-for-stm32.13.3.rel1.win32_1.0.0.202411081344/tools/bin/../lib/gcc/arm-none-eabi/13.3.1/../../../../arm-none-eabi/lib/thumb/v7e-m+fp/hard\libc_nano.a(libc_a-stdio.o)
                0x0801026a                __swrite
 .text.__sseek  0x080102a2       0x24 C:/ST/STM32CubeIDE_1.19.0/STM32CubeIDE/plugins/com.st.stm32cube.ide.mcu.externaltools.gnu-tools-for-stm32.13.3.rel1.win32_1.0.0.202411081344/tools/bin/../lib/gcc/arm-none-eabi/13.3.1/../../../../arm-none-eabi/lib/thumb/v7e-m+fp/hard\libc_nano.a(libc_a-stdio.o)
                0x080102a2                __sseek
 .text.__sclose
                0x080102c6        0x8 C:/ST/STM32CubeIDE_1.19.0/STM32CubeIDE/plugins/com.st.stm32cube.ide.mcu.externaltools.gnu-tools-for-stm32.13.3.rel1.win32_1.0.0.202411081344/tools/bin/../lib/gcc/arm-none-eabi/13.3.1/../../../../arm-none-eabi/lib/thumb/v7e-m+fp/hard\libc_nano.a(libc_a-stdio.o)
                0x080102c6                __sclose
 .text.__swbuf_r
                0x080102ce       0x7c C:/ST/STM32CubeIDE_1.19.0/STM32CubeIDE/plugins/com.st.stm32cube.ide.mcu.externaltools.gnu-tools-for-stm32.13.3.rel1.win32_1.0.0.202411081344/tools/bin/../lib/gcc/arm-none-eabi/13.3.1/../../../../arm-none-eabi/lib/thumb/v7e-m+fp/hard\libc_nano.a(libc_a-wbuf.o)
                0x080102ce                __swbuf_r
 *fill*         0x0801034a        0x2 
 .text.__swsetup_r
                0x0801034c       0xac C:/ST/STM32CubeIDE_1.19.0/STM32CubeIDE/plugins/com.st.stm32cube.ide.mcu.externaltools.gnu-tools-for-stm32.13.3.rel1.win32_1.0.0.202411081344/tools/bin/../lib/gcc/arm-none-eabi/13.3.1/../../../../arm-none-eabi/lib/thumb/v7e-m+fp/hard\libc_nano.a(libc_a-wsetup.o)
                0x0801034c                __swsetup_r
 .text.memset   0x080103f8       0x10 C:/ST/STM32CubeIDE_1.19.0/STM32CubeIDE/plugins/com.st.stm32cube.ide.mcu.externaltools.gnu-tools-for-stm32.13.3.rel1.win32_1.0.0.202411081344/tools/bin/../lib/gcc/arm-none-eabi/13.3.1/../../../../arm-none-eabi/lib/thumb/v7e-m+fp/hard\libc_nano.a(libc_a-memset.o)
                0x080103f8                memset
 .text._localeconv_r
                0x08010408        0x8 C:/ST/STM32CubeIDE_1.19.0/STM32CubeIDE/plugins/com.st.stm32cube.ide.mcu.externaltools.gnu-tools-for-stm32.13.3.rel1.win32_1.0.0.202411081344/tools/bin/../lib/gcc/arm-none-eabi/13.3.1/../../../../arm-none-eabi/lib/thumb/v7e-m+fp/hard\libc_nano.a(libc_a-localeconv.o)
                0x08010408                _localeconv_r
 .text._close_r
                0x08010410       0x20 C:/ST/STM32CubeIDE_1.19.0/STM32CubeIDE/plugins/com.st.stm32cube.ide.mcu.externaltools.gnu-tools-for-stm32.13.3.rel1.win32_1.0.0.202411081344/tools/bin/../lib/gcc/arm-none-eabi/13.3.1/../../../../arm-none-eabi/lib/thumb/v7e-m+fp/hard\libc_nano.a(libc_a-closer.o)
                0x08010410                _close_r
 .text._lseek_r
                0x08010430       0x24 C:/ST/STM32CubeIDE_1.19.0/STM32CubeIDE/plugins/com.st.stm32cube.ide.mcu.externaltools.gnu-tools-for-stm32.13.3.rel1.win32_1.0.0.202411081344/tools/bin/../lib/gcc/arm-none-eabi/13.3.1/../../../../arm-none-eabi/lib/thumb/v7e-m+fp/hard\libc_nano.a(libc_a-lseekr.o)
                0x08010430                _lseek_r
 .text._read_r  0x08010454       0x24 C:/ST/STM32CubeIDE_1.19.0/STM32CubeIDE/plugins/com.st.stm32cube.ide.mcu.externaltools.gnu-tools-for-stm32.13.3.rel1.win32_1.0.0.202411081344/tools/bin/../lib/gcc/arm-none-eabi/13.3.1/../../../../arm-none-eabi/lib/thumb/v7e-m+fp/hard\libc_nano.a(libc_a-readr.o)
                0x08010454                _read_r
 .text._write_r
                0x08010478       0x24 C:/ST/STM32CubeIDE_1.19.0/STM32CubeIDE/plugins/com.st.stm32cube.ide.mcu.externaltools.gnu-tools-for-stm32.13.3.rel1.win32_1.0.0.202411081344/tools/bin/../lib/gcc/arm-none-eabi/13.3.1/../../../../arm-none-eabi/lib/thumb/v7e-m+fp/hard\libc_nano.a(libc_a-writer.o)
                0x08010478                _write_r
 .text.__errno  0x0801049c        0xc C:/ST/STM32CubeIDE_1.19.0/STM32CubeIDE/plugins/com.st.stm32cube.ide.mcu.externaltools.gnu-tools-for-stm32.13.3.rel1.win32_1.0.0.202411081344/tools/bin/../lib/gcc/arm-none-eabi/13.3.1/../../../../arm-none-eabi/lib/thumb/v7e-m+fp/hard\libc_nano.a(libc_a-errno.o)
                0x0801049c                __errno
 .text.__libc_init_array
                0x080104a8       0x48 C:/ST/STM32CubeIDE_1.19.0/STM32CubeIDE/plugins/com.st.stm32cube.ide.mcu.externaltools.gnu-tools-for-stm32.13.3.rel1.win32_1.0.0.202411081344/tools/bin/../lib/gcc/arm-none-eabi/13.3.1/../../../../arm-none-eabi/lib/thumb/v7e-m+fp/hard\libc_nano.a(libc_a-init.o)
                0x080104a8                __libc_init_array
 .text.__retarget_lock_init_recursive
                0x080104f0        0x2 C:/ST/STM32CubeIDE_1.19.0/STM32CubeIDE/plugins/com.st.stm32cube.ide.mcu.externaltools.gnu-tools-for-stm32.13.3.rel1.win32_1.0.0.202411081344/tools/bin/../lib/gcc/arm-none-eabi/13.3.1/../../../../arm-none-eabi/lib/thumb/v7e-m+fp/hard\libc_nano.a(libc_a-lock.o)
                0x080104f0                __retarget_lock_init_recursive
 .text.__retarget_lock_acquire_recursive
                0x080104f2        0x2 C:/ST/STM32CubeIDE_1.19.0/STM32CubeIDE/plugins/com.st.stm32cube.ide.mcu.externaltools.gnu-tools-for-stm32.13.3.rel1.win32_1.0.0.202411081344/tools/bin/../lib/gcc/arm-none-eabi/13.3.1/../../../../arm-none-eabi/lib/thumb/v7e-m+fp/hard\libc_nano.a(libc_a-lock.o)
                0x080104f2                __retarget_lock_acquire_recursive
 .text.__retarget_lock_release_recursive
                0x080104f4        0x2 C:/ST/STM32CubeIDE_1.19.0/STM32CubeIDE/plugins/com.st.stm32cube.ide.mcu.externaltools.gnu-tools-for-stm32.13.3.rel1.win32_1.0.0.202411081344/tools/bin/../lib/gcc/arm-none-eabi/13.3.1/../../../../arm-none-eabi/lib/thumb/v7e-m+fp/hard\libc_nano.a(libc_a-lock.o)
                0x080104f4                __retarget_lock_release_recursive
 .text.memcpy   0x080104f6       0x1c C:/ST/STM32CubeIDE_1.19.0/STM32CubeIDE/plugins/com.st.stm32cube.ide.mcu.externaltools.gnu-tools-for-stm32.13.3.rel1.win32_1.0.0.202411081344/tools/bin/../lib/gcc/arm-none-eabi/13.3.1/../../../../arm-none-eabi/lib/thumb/v7e-m+fp/hard\libc_nano.a(libc_a-memcpy-stub.o)
                0x080104f6                memcpy
 *fill*         0x08010512        0x2 
 .text.__assert_func
                0x08010514       0x3c C:/ST/STM32CubeIDE_1.19.0/STM32CubeIDE/plugins/com.st.stm32cube.ide.mcu.externaltools.gnu-tools-for-stm32.13.3.rel1.win32_1.0.0.202411081344/tools/bin/../lib/gcc/arm-none-eabi/13.3.1/../../../../arm-none-eabi/lib/thumb/v7e-m+fp/hard\libc_nano.a(libc_a-assert.o)
                0x08010514                __assert_func
 .text.quorem   0x08010550      0x110 C:/ST/STM32CubeIDE_1.19.0/STM32CubeIDE/plugins/com.st.stm32cube.ide.mcu.externaltools.gnu-tools-for-stm32.13.3.rel1.win32_1.0.0.202411081344/tools/bin/../lib/gcc/arm-none-eabi/13.3.1/../../../../arm-none-eabi/lib/thumb/v7e-m+fp/hard\libc_nano.a(libc_a-dtoa.o)
 .text._dtoa_r  0x08010660      0xba0 C:/ST/STM32CubeIDE_1.19.0/STM32CubeIDE/plugins/com.st.stm32cube.ide.mcu.externaltools.gnu-tools-for-stm32.13.3.rel1.win32_1.0.0.202411081344/tools/bin/../lib/gcc/arm-none-eabi/13.3.1/../../../../arm-none-eabi/lib/thumb/v7e-m+fp/hard\libc_nano.a(libc_a-dtoa.o)
                0x08010660                _dtoa_r
 .text._free_r  0x08011200       0x94 C:/ST/STM32CubeIDE_1.19.0/STM32CubeIDE/plugins/com.st.stm32cube.ide.mcu.externaltools.gnu-tools-for-stm32.13.3.rel1.win32_1.0.0.202411081344/tools/bin/../lib/gcc/arm-none-eabi/13.3.1/../../../../arm-none-eabi/lib/thumb/v7e-m+fp/hard\libc_nano.a(libc_a-freer.o)
                0x08011200                _free_r
 .text.malloc   0x08011294       0x10 C:/ST/STM32CubeIDE_1.19.0/STM32CubeIDE/plugins/com.st.stm32cube.ide.mcu.externaltools.gnu-tools-for-stm32.13.3.rel1.win32_1.0.0.202411081344/tools/bin/../lib/gcc/arm-none-eabi/13.3.1/../../../../arm-none-eabi/lib/thumb/v7e-m+fp/hard\libc_nano.a(libc_a-malloc.o)
                0x08011294                malloc
 .text.sbrk_aligned
                0x080112a4       0x44 C:/ST/STM32CubeIDE_1.19.0/STM32CubeIDE/plugins/com.st.stm32cube.ide.mcu.externaltools.gnu-tools-for-stm32.13.3.rel1.win32_1.0.0.202411081344/tools/bin/../lib/gcc/arm-none-eabi/13.3.1/../../../../arm-none-eabi/lib/thumb/v7e-m+fp/hard\libc_nano.a(libc_a-mallocr.o)
 .text._malloc_r
                0x080112e8      0x100 C:/ST/STM32CubeIDE_1.19.0/STM32CubeIDE/plugins/com.st.stm32cube.ide.mcu.externaltools.gnu-tools-for-stm32.13.3.rel1.win32_1.0.0.202411081344/tools/bin/../lib/gcc/arm-none-eabi/13.3.1/../../../../arm-none-eabi/lib/thumb/v7e-m+fp/hard\libc_nano.a(libc_a-mallocr.o)
                0x080112e8                _malloc_r
 .text.__malloc_lock
                0x080113e8        0xc C:/ST/STM32CubeIDE_1.19.0/STM32CubeIDE/plugins/com.st.stm32cube.ide.mcu.externaltools.gnu-tools-for-stm32.13.3.rel1.win32_1.0.0.202411081344/tools/bin/../lib/gcc/arm-none-eabi/13.3.1/../../../../arm-none-eabi/lib/thumb/v7e-m+fp/hard\libc_nano.a(libc_a-mlock.o)
                0x080113e8                __malloc_lock
 .text.__malloc_unlock
                0x080113f4        0xc C:/ST/STM32CubeIDE_1.19.0/STM32CubeIDE/plugins/com.st.stm32cube.ide.mcu.externaltools.gnu-tools-for-stm32.13.3.rel1.win32_1.0.0.202411081344/tools/bin/../lib/gcc/arm-none-eabi/13.3.1/../../../../arm-none-eabi/lib/thumb/v7e-m+fp/hard\libc_nano.a(libc_a-mlock.o)
                0x080113f4                __malloc_unlock
 .text._Balloc  0x08011400       0x80 C:/ST/STM32CubeIDE_1.19.0/STM32CubeIDE/plugins/com.st.stm32cube.ide.mcu.externaltools.gnu-tools-for-stm32.13.3.rel1.win32_1.0.0.202411081344/tools/bin/../lib/gcc/arm-none-eabi/13.3.1/../../../../arm-none-eabi/lib/thumb/v7e-m+fp/hard\libc_nano.a(libc_a-mprec.o)
                0x08011400                _Balloc
 .text._Bfree   0x08011480       0x44 C:/ST/STM32CubeIDE_1.19.0/STM32CubeIDE/plugins/com.st.stm32cube.ide.mcu.externaltools.gnu-tools-for-stm32.13.3.rel1.win32_1.0.0.202411081344/tools/bin/../lib/gcc/arm-none-eabi/13.3.1/../../../../arm-none-eabi/lib/thumb/v7e-m+fp/hard\libc_nano.a(libc_a-mprec.o)
                0x08011480                _Bfree
 .text.__multadd
                0x080114c4       0x8c C:/ST/STM32CubeIDE_1.19.0/STM32CubeIDE/plugins/com.st.stm32cube.ide.mcu.externaltools.gnu-tools-for-stm32.13.3.rel1.win32_1.0.0.202411081344/tools/bin/../lib/gcc/arm-none-eabi/13.3.1/../../../../arm-none-eabi/lib/thumb/v7e-m+fp/hard\libc_nano.a(libc_a-mprec.o)
                0x080114c4                __multadd
 .text.__hi0bits
                0x08011550       0x3e C:/ST/STM32CubeIDE_1.19.0/STM32CubeIDE/plugins/com.st.stm32cube.ide.mcu.externaltools.gnu-tools-for-stm32.13.3.rel1.win32_1.0.0.202411081344/tools/bin/../lib/gcc/arm-none-eabi/13.3.1/../../../../arm-none-eabi/lib/thumb/v7e-m+fp/hard\libc_nano.a(libc_a-mprec.o)
                0x08011550                __hi0bits
 .text.__lo0bits
                0x0801158e       0x5a C:/ST/STM32CubeIDE_1.19.0/STM32CubeIDE/plugins/com.st.stm32cube.ide.mcu.externaltools.gnu-tools-for-stm32.13.3.rel1.win32_1.0.0.202411081344/tools/bin/../lib/gcc/arm-none-eabi/13.3.1/../../../../arm-none-eabi/lib/thumb/v7e-m+fp/hard\libc_nano.a(libc_a-mprec.o)
                0x0801158e                __lo0bits
 .text.__i2b    0x080115e8       0x2c C:/ST/STM32CubeIDE_1.19.0/STM32CubeIDE/plugins/com.st.stm32cube.ide.mcu.externaltools.gnu-tools-for-stm32.13.3.rel1.win32_1.0.0.202411081344/tools/bin/../lib/gcc/arm-none-eabi/13.3.1/../../../../arm-none-eabi/lib/thumb/v7e-m+fp/hard\libc_nano.a(libc_a-mprec.o)
                0x080115e8                __i2b
 .text.__multiply
                0x08011614      0x144 C:/ST/STM32CubeIDE_1.19.0/STM32CubeIDE/plugins/com.st.stm32cube.ide.mcu.externaltools.gnu-tools-for-stm32.13.3.rel1.win32_1.0.0.202411081344/tools/bin/../lib/gcc/arm-none-eabi/13.3.1/../../../../arm-none-eabi/lib/thumb/v7e-m+fp/hard\libc_nano.a(libc_a-mprec.o)
                0x08011614                __multiply
 .text.__pow5mult
                0x08011758       0xb4 C:/ST/STM32CubeIDE_1.19.0/STM32CubeIDE/plugins/com.st.stm32cube.ide.mcu.externaltools.gnu-tools-for-stm32.13.3.rel1.win32_1.0.0.202411081344/tools/bin/../lib/gcc/arm-none-eabi/13.3.1/../../../../arm-none-eabi/lib/thumb/v7e-m+fp/hard\libc_nano.a(libc_a-mprec.o)
                0x08011758                __pow5mult
 .text.__lshift
                0x0801180c       0xd8 C:/ST/STM32CubeIDE_1.19.0/STM32CubeIDE/plugins/com.st.stm32cube.ide.mcu.externaltools.gnu-tools-for-stm32.13.3.rel1.win32_1.0.0.202411081344/tools/bin/../lib/gcc/arm-none-eabi/13.3.1/../../../../arm-none-eabi/lib/thumb/v7e-m+fp/hard\libc_nano.a(libc_a-mprec.o)
                0x0801180c                __lshift
 .text.__mcmp   0x080118e4       0x36 C:/ST/STM32CubeIDE_1.19.0/STM32CubeIDE/plugins/com.st.stm32cube.ide.mcu.externaltools.gnu-tools-for-stm32.13.3.rel1.win32_1.0.0.202411081344/tools/bin/../lib/gcc/arm-none-eabi/13.3.1/../../../../arm-none-eabi/lib/thumb/v7e-m+fp/hard\libc_nano.a(libc_a-mprec.o)
                0x080118e4                __mcmp
 *fill*         0x0801191a        0x2 
 .text.__mdiff  0x0801191c      0x128 C:/ST/STM32CubeIDE_1.19.0/STM32CubeIDE/plugins/com.st.stm32cube.ide.mcu.externaltools.gnu-tools-for-stm32.13.3.rel1.win32_1.0.0.202411081344/tools/bin/../lib/gcc/arm-none-eabi/13.3.1/../../../../arm-none-eabi/lib/thumb/v7e-m+fp/hard\libc_nano.a(libc_a-mprec.o)
                0x0801191c                __mdiff
 .text.__d2b    0x08011a44       0xb0 C:/ST/STM32CubeIDE_1.19.0/STM32CubeIDE/plugins/com.st.stm32cube.ide.mcu.externaltools.gnu-tools-for-stm32.13.3.rel1.win32_1.0.0.202411081344/tools/bin/../lib/gcc/arm-none-eabi/13.3.1/../../../../arm-none-eabi/lib/thumb/v7e-m+fp/hard\libc_nano.a(libc_a-mprec.o)
                0x08011a44                __d2b
 .text.__ssputs_r
                0x08011af4       0xb6 C:/ST/STM32CubeIDE_1.19.0/STM32CubeIDE/plugins/com.st.stm32cube.ide.mcu.externaltools.gnu-tools-for-stm32.13.3.rel1.win32_1.0.0.202411081344/tools/bin/../lib/gcc/arm-none-eabi/13.3.1/../../../../arm-none-eabi/lib/thumb/v7e-m+fp/hard\libc_nano.a(libc_a-nano-svfprintf.o)
                0x08011af4                __ssputs_r
 *fill*         0x08011baa        0x2 
 .text._svfprintf_r
                0x08011bac      0x1f8 C:/ST/STM32CubeIDE_1.19.0/STM32CubeIDE/plugins/com.st.stm32cube.ide.mcu.externaltools.gnu-tools-for-stm32.13.3.rel1.win32_1.0.0.202411081344/tools/bin/../lib/gcc/arm-none-eabi/13.3.1/../../../../arm-none-eabi/lib/thumb/v7e-m+fp/hard\libc_nano.a(libc_a-nano-svfprintf.o)
                0x08011bac                _svfiprintf_r
                0x08011bac                _svfprintf_r
 .text.__sfputc_r
                0x08011da4       0x2e C:/ST/STM32CubeIDE_1.19.0/STM32CubeIDE/plugins/com.st.stm32cube.ide.mcu.externaltools.gnu-tools-for-stm32.13.3.rel1.win32_1.0.0.202411081344/tools/bin/../lib/gcc/arm-none-eabi/13.3.1/../../../../arm-none-eabi/lib/thumb/v7e-m+fp/hard\libc_nano.a(libc_a-nano-vfprintf.o)
 .text.__sfputs_r
                0x08011dd2       0x24 C:/ST/STM32CubeIDE_1.19.0/STM32CubeIDE/plugins/com.st.stm32cube.ide.mcu.externaltools.gnu-tools-for-stm32.13.3.rel1.win32_1.0.0.202411081344/tools/bin/../lib/gcc/arm-none-eabi/13.3.1/../../../../arm-none-eabi/lib/thumb/v7e-m+fp/hard\libc_nano.a(libc_a-nano-vfprintf.o)
                0x08011dd2                __sfputs_r
 *fill*         0x08011df6        0x2 
 .text._vfprintf_r
                0x08011df8      0x230 C:/ST/STM32CubeIDE_1.19.0/STM32CubeIDE/plugins/com.st.stm32cube.ide.mcu.externaltools.gnu-tools-for-stm32.13.3.rel1.win32_1.0.0.202411081344/tools/bin/../lib/gcc/arm-none-eabi/13.3.1/../../../../arm-none-eabi/lib/thumb/v7e-m+fp/hard\libc_nano.a(libc_a-nano-vfprintf.o)
                0x08011df8                _vfprintf_r
                0x08011df8                _vfiprintf_r
 .text.__sflush_r