../Core/Src/dapu_spi.c:17:6:dapu_spi_init	8	static
../Core/Src/dapu_spi.c:22:6:dapu_spi_lock	8	static
../Core/Src/dapu_spi.c:30:6:dapu_spi_unlock	8	static
../Core/Src/dapu_spi.c:54:16:pin_index	16	static
../Core/Src/dapu_spi.c:70:20:miso_name	16	static
../Core/Src/dapu_spi.c:81:21:miso_probe	40	static
../Core/Src/dapu_spi.c:121:13:miso_line_test	40	static
../Core/Src/dapu_spi.c:172:6:dapu_spi_diagnose	80	static
../Core/Src/dapu_spi.c:255:6:dapu_spi_cs_wiggle	24	static
../Core/Src/dapu_spi.c:284:6:dapu_spi_txrx	80	static
