../Core/Inc/dapu_analog.h:32:21:analog_counts_to_volts	16	static
../Core/Src/dapu_analog.c:39:6:analog_init_rtos	8	static
../Core/Src/dapu_analog.c:44:6:analog_start	8	static
../Core/Src/dapu_analog.c:63:6:analog_is_running	24	static
../Core/Src/dapu_analog.c:71:17:current_scan_index	16	static
../Core/Src/dapu_analog.c:78:10:analog_latest	24	static
../Core/Src/dapu_analog.c:86:6:analog_latest_scan	32	static
../Core/Src/dapu_analog.c:98:7:analog_avg_counts	32	static
../Core/Src/dapu_analog.c:126:14:air_density	16	static
../Core/Src/dapu_analog.c:143:6:analog_update_pitot	40	static
../Core/Src/dapu_analog.c:172:6:analog_update_aoa	24	static
../Core/Src/dapu_analog.c:185:6:analog_update_flex	40	static
../Core/Src/dapu_analog.c:216:6:analog_mic_wait_block	32	static
../Core/Src/dapu_analog.c:236:20:mic_block_ready	16	static
../Core/Src/dapu_analog.c:246:6:HAL_ADC_ConvHalfCpltCallback	16	static
../Core/Src/dapu_analog.c:255:6:HAL_ADC_ConvCpltCallback	16	static
