../Core/Inc/dapu_analog.h:26:21:analog_counts_to_volts	16	static
../Core/Src/dapu_analog.c:39:6:analog_init_rtos	8	static
../Core/Src/dapu_analog.c:44:6:analog_start	8	static
../Core/Src/dapu_analog.c:64:17:current_scan_index	16	static
../Core/Src/dapu_analog.c:71:10:analog_latest	24	static
../Core/Src/dapu_analog.c:79:6:analog_latest_scan	32	static
../Core/Src/dapu_analog.c:91:7:analog_avg_counts	32	static
../Core/Src/dapu_analog.c:119:14:air_density	16	static
../Core/Src/dapu_analog.c:136:6:analog_update_pitot	40	static
../Core/Src/dapu_analog.c:165:6:analog_update_aoa	24	static
../Core/Src/dapu_analog.c:178:6:analog_update_flex	40	static
../Core/Src/dapu_analog.c:209:6:analog_mic_wait_block	32	static
../Core/Src/dapu_analog.c:229:20:mic_block_ready	16	static
../Core/Src/dapu_analog.c:239:6:HAL_ADC_ConvHalfCpltCallback	16	static
../Core/Src/dapu_analog.c:248:6:HAL_ADC_ConvCpltCallback	16	static
