../Core/Src/icm20948.c:66:13:ak09916_setup_continuous_read	8	static
../Core/Src/icm20948.c:74:6:icm20948_init	16	static
../Core/Src/icm20948.c:132:6:ak09916_init	16	static
../Core/Src/icm20948.c:169:6:icm20948_present	4	static
../Core/Src/icm20948.c:170:6:ak09916_present	4	static
../Core/Src/icm20948.c:176:6:icm20948_read_imu	24	static
../Core/Src/icm20948.c:203:6:ak09916_read_mag_ut	24	static
../Core/Src/icm20948.c:219:6:icm20948_gyro_read	24	static
../Core/Src/icm20948.c:228:6:icm20948_accel_read	24	static
../Core/Src/icm20948.c:241:6:ak09916_mag_read	24	static
../Core/Src/icm20948.c:255:6:icm20948_gyro_read_dps	16	static
../Core/Src/icm20948.c:264:6:icm20948_accel_read_g	16	static
../Core/Src/icm20948.c:273:6:ak09916_mag_read_uT	32	static
../Core/Src/icm20948.c:290:9:icm20948_whoami_raw	4	static
../Core/Src/icm20948.c:292:6:icm20948_who_am_i	16	static
../Core/Src/icm20948.c:304:6:ak09916_who_am_i	16	static
../Core/Src/icm20948.c:314:6:icm20948_device_reset	8	static
../Core/Src/icm20948.c:321:6:ak09916_soft_reset	8	static
../Core/Src/icm20948.c:327:6:icm20948_wakeup	16	static
../Core/Src/icm20948.c:336:6:icm20948_sleep	16	static
../Core/Src/icm20948.c:345:6:icm20948_spi_slave_enable	16	static
../Core/Src/icm20948.c:353:6:icm20948_i2c_master_reset	16	static
../Core/Src/icm20948.c:361:6:icm20948_i2c_master_enable	16	static
../Core/Src/icm20948.c:370:6:icm20948_i2c_master_clk_frq	24	static
../Core/Src/icm20948.c:378:6:icm20948_clock_source	24	static
../Core/Src/icm20948.c:386:6:icm20948_odr_align_enable	8	static
../Core/Src/icm20948.c:391:6:icm20948_gyro_low_pass_filter	24	static
../Core/Src/icm20948.c:399:6:icm20948_accel_low_pass_filter	24	static
../Core/Src/icm20948.c:408:6:icm20948_gyro_sample_rate_divider	16	static
../Core/Src/icm20948.c:413:6:icm20948_accel_sample_rate_divider	24	static
../Core/Src/icm20948.c:422:6:ak09916_operation_mode_setting	16	static
../Core/Src/icm20948.c:428:6:icm20948_gyro_calibration	48	static
../Core/Src/icm20948.c:460:6:icm20948_accel_calibration	72	static
../Core/Src/icm20948.c:518:6:icm20948_gyro_full_scale_select	24	static
../Core/Src/icm20948.c:545:6:icm20948_accel_full_scale_select	24	static
../Core/Src/icm20948.c:586:9:icm20948_i2c_address	4	static
../Core/Src/icm20948.c:589:13:i2c_find_address	16	static
../Core/Src/icm20948.c:606:13:bus_read	32	static
../Core/Src/icm20948.c:612:13:bus_write	32	static
../Core/Src/icm20948.c:666:13:select_user_bank	24	static
../Core/Src/icm20948.c:684:16:read_single_icm20948_reg	24	static
../Core/Src/icm20948.c:694:13:write_single_icm20948_reg	16	static
../Core/Src/icm20948.c:700:17:read_multiple_icm20948_reg	16	static
../Core/Src/icm20948.c:717:13:write_multiple_icm20948_reg	16	static
../Core/Src/icm20948.c:723:16:read_single_ak09916_reg	16	static
../Core/Src/icm20948.c:733:13:write_single_ak09916_reg	16	static
../Core/Src/icm20948.c:744:17:read_multiple_ak09916_reg	16	static
