../Core/Src/icm20948.c:48:13:ak09916_setup_continuous_read	8	static
../Core/Src/icm20948.c:56:6:icm20948_init	16	static
../Core/Src/icm20948.c:100:6:ak09916_init	16	static
../Core/Src/icm20948.c:137:6:icm20948_present	4	static
../Core/Src/icm20948.c:138:6:ak09916_present	4	static
../Core/Src/icm20948.c:140:6:icm20948_read_imu	16	static
../Core/Src/icm20948.c:155:6:ak09916_read_mag_ut	24	static
../Core/Src/icm20948.c:171:6:icm20948_gyro_read	24	static
../Core/Src/icm20948.c:180:6:icm20948_accel_read	24	static
../Core/Src/icm20948.c:193:6:ak09916_mag_read	24	static
../Core/Src/icm20948.c:207:6:icm20948_gyro_read_dps	16	static
../Core/Src/icm20948.c:216:6:icm20948_accel_read_g	16	static
../Core/Src/icm20948.c:225:6:ak09916_mag_read_uT	32	static
../Core/Src/icm20948.c:240:6:icm20948_who_am_i	16	static
../Core/Src/icm20948.c:250:6:ak09916_who_am_i	16	static
../Core/Src/icm20948.c:260:6:icm20948_device_reset	8	static
../Core/Src/icm20948.c:266:6:ak09916_soft_reset	8	static
../Core/Src/icm20948.c:272:6:icm20948_wakeup	16	static
../Core/Src/icm20948.c:281:6:icm20948_sleep	16	static
../Core/Src/icm20948.c:290:6:icm20948_spi_slave_enable	16	static
../Core/Src/icm20948.c:298:6:icm20948_i2c_master_reset	16	static
../Core/Src/icm20948.c:306:6:icm20948_i2c_master_enable	16	static
../Core/Src/icm20948.c:315:6:icm20948_i2c_master_clk_frq	24	static
../Core/Src/icm20948.c:323:6:icm20948_clock_source	24	static
../Core/Src/icm20948.c:331:6:icm20948_odr_align_enable	8	static
../Core/Src/icm20948.c:336:6:icm20948_gyro_low_pass_filter	24	static
../Core/Src/icm20948.c:344:6:icm20948_accel_low_pass_filter	24	static
../Core/Src/icm20948.c:353:6:icm20948_gyro_sample_rate_divider	16	static
../Core/Src/icm20948.c:358:6:icm20948_accel_sample_rate_divider	24	static
../Core/Src/icm20948.c:367:6:ak09916_operation_mode_setting	16	static
../Core/Src/icm20948.c:373:6:icm20948_gyro_calibration	48	static
../Core/Src/icm20948.c:405:6:icm20948_accel_calibration	72	static
../Core/Src/icm20948.c:463:6:icm20948_gyro_full_scale_select	24	static
../Core/Src/icm20948.c:490:6:icm20948_accel_full_scale_select	24	static
../Core/Src/icm20948.c:519:13:cs_high	8	static
../Core/Src/icm20948.c:524:13:cs_low	8	static
../Core/Src/icm20948.c:529:13:select_user_bank	24	static
../Core/Src/icm20948.c:540:16:read_single_icm20948_reg	24	static
../Core/Src/icm20948.c:554:13:write_single_icm20948_reg	24	static
../Core/Src/icm20948.c:567:17:read_multiple_icm20948_reg	24	static
../Core/Src/icm20948.c:583:13:write_multiple_icm20948_reg	24	static
../Core/Src/icm20948.c:594:16:read_single_ak09916_reg	16	static
../Core/Src/icm20948.c:604:13:write_single_ak09916_reg	16	static
../Core/Src/icm20948.c:615:17:read_multiple_ak09916_reg	16	static
