../Core/Src/ms5611.c:44:20:cs_low	8	static
../Core/Src/ms5611.c:45:20:cs_high	8	static
../Core/Src/ms5611.c:47:13:ms5611_command	24	static
../Core/Src/ms5611.c:58:13:ms5611_read_prom_word	24	static
../Core/Src/ms5611.c:73:13:ms5611_read_adc	24	static
../Core/Src/ms5611.c:91:16:ms5611_crc4	32	static
../Core/Src/ms5611.c:130:6:ms5611_init	16	static
../Core/Src/ms5611.c:180:6:ms5611_present	4	static
../Core/Src/ms5611.c:187:13:ms5611_compensate	416	static
../Core/Src/ms5611.c:230:6:ms5611_step	16	static
../Core/Src/ms5611.c:280:7:ms5611_temperature_c	4	static
../Core/Src/ms5611.c:281:7:ms5611_pressure_pa	4	static
../Core/Src/ms5611.c:283:7:ms5611_altitude	16	static
