../Core/Src/stm32h7xx_it.c:75:6:NMI_Handler	4	static
../Core/Src/stm32h7xx_it.c:90:6:HardFault_Handler	8	static
../Core/Src/stm32h7xx_it.c:106:6:MemManage_Handler	4	static
../Core/Src/stm32h7xx_it.c:121:6:BusFault_Handler	4	static
../Core/Src/stm32h7xx_it.c:136:6:UsageFault_Handler	4	static
../Core/Src/stm32h7xx_it.c:151:6:DebugMon_Handler	4	static
../Core/Src/stm32h7xx_it.c:164:6:SysTick_Handler	8	static
../Core/Src/stm32h7xx_it.c:193:6:DMA1_Stream0_IRQHandler	8	static
../Core/Src/stm32h7xx_it.c:207:6:DMA1_Stream1_IRQHandler	8	static
../Core/Src/stm32h7xx_it.c:221:6:USART1_IRQHandler	8	static
../Core/Src/stm32h7xx_it.c:235:6:USART2_IRQHandler	8	static
../Core/Src/stm32h7xx_it.c:249:6:SDMMC1_IRQHandler	8	static
