../Core/Src/sd_functions.c:42:5:sd_get_space_kb	40	static
../Core/Src/sd_functions.c:65:5:sd_mount	16	static
../Core/Src/sd_functions.c:136:5:sd_unmount	16	static
../Core/Src/sd_functions.c:148:5:sd_write_file	592	static
../Core/Src/sd_functions.c:160:5:sd_append_file	592	static
../Core/Src/sd_functions.c:186:5:sd_read_file	600	static
../Core/Src/sd_functions.c:221:5:sd_read_csv	744	static
../Core/Src/sd_functions.c:264:5:sd_delete_file	24	static
../Core/Src/sd_functions.c:270:5:sd_rename_file	24	static
../Core/Src/sd_functions.c:276:9:sd_create_directory	24	static
../Core/Src/sd_functions.c:282:6:sd_list_directory_recursive	496	static
../Core/Src/sd_functions.c:311:6:sd_list_files	8	static
